******************************************************************************
              TMS320C55x Linker PC v4.4.1                      
******************************************************************************
>> Linked Tue Jun 09 05:35:07 2020

OUTPUT FILE NAME:   <FIR.out>
ENTRY POINT SYMBOL: "_c_int00"  address: 00024ffd


MEMORY CONFIGURATION

         name            origin    length      used     unused   attr    fill
                        (bytes)   (bytes)    (bytes)   (bytes)
----------------------  --------  ---------  --------  --------  ----  --------
PAGE 0:
  MMR                   00000000   000000c0  00000000  000000c0  RWIX
  DARAM0                000000c0   0000ff40  000062fa  00009c46  RWIX
  SARAM0                00010000   00010000  00000000  00010000  RWIX
  SARAM1                00020000   00020000  00005167  0001ae99  RWIX
  SARAM2                00040000   0000fe00  000003bc  0000fa44  RWIX
  VECS                  0004fe00   00000200  00000100  00000100  RWIX
  PDROM                 00ff8000   00008000  00000000  00008000  R IX

PAGE 2:
  IOPORT                00000000   00020000  00000000  00020000  RWI 


SECTION ALLOCATION MAP
(Addresses surrounded by []'s are displayed for convenience only!)

output                                                          attributes/
section   page  orgn(bytes) orgn(words) len(bytes) len(words)   input sections
--------  ----  ----------- ----------- ---------- ----------   --------------
.pinit       0   [ 00040000 ]  00020000          *   00000000   UNINITIALIZED

.stack       0   [ 000000c0 ]  00000060          *   00001000   UNINITIALIZED
                 [ 000000c0 ]  00000060          *   00001000   --HOLE--

.data        0   [ 000000c0 ]  00000060          *   00000000   UNINITIALIZED

.sysstack 
*            0   [ 000020c0 ]  00001060          *   00000800   UNINITIALIZED
                 [ 000020c0 ]  00001060          *   00000800   --HOLE--

.sysmem      0   [ 000030c0 ]  00001860          *   00001000   UNINITIALIZED
                 [ 000030c0 ]  00001860          *   00001000   --HOLE--

.const.1     0   [ 000050c0 ]  00002860          *   0000068f   
                 [ 000050c0 ]  00002860          *   00000236   PLL.obj (.const:.string)
                 [ 0000552c ]  00002a96          *   000001e4   main.obj (.const:_coeffs)
                 [ 000058f4 ]  00002c7a          *   00000174   aic3204_init.obj (.const:.string)
                 [ 00005bdc ]  00002dee          *   00000101   rts55h.lib : ctype.obj (.const:__ctypes_)

.const.2     0   [ 00005de0 ]  00002ef0          *   00000043   
                 [ 00005de0 ]  00002ef0          *   00000024   rts55h.lib : _printfi.obj (.const:.string)
                 [ 00005e28 ]  00002f14          *   0000000c              : _printfi.obj (.const)
                 [ 00005e40 ]  00002f20          *   0000000b   main.obj (.const:.string)
                 [ 00005e56 ]  00002f2b          *   00000008   rts55h.lib : divd.obj (.const:_initial_approx$1)

.const.3     0   [ 00005e68 ]  00002f34          *   00000008   
                 [ 00005e68 ]  00002f34          *   00000004   main.obj (.const)
                 [ 00005e70 ]  00002f38          *   00000002   rts55h.lib : fputs.obj (.const:.string)
                 [ 00005e74 ]  00002f3a          *   00000002              : fltlid.obj (.const)

.bss.1       0   [ 00005e78 ]  00002f3c          *   00000299   UNINITIALIZED
                 [ 00005e78 ]  00002f3c          *   00000119   rts55h.lib : defs.obj (.bss)
                 [ 000060aa ]  00003055          *   000000d0              : trgdrv.obj (.bss)
                 [ 0000624a ]  00003125          *   00000001              : fopen.obj (.bss)
                 [ 0000624c ]  00003126          *   00000071              : lowlev.obj (.bss)
                 [ 0000632e ]  00003197          *   00000001   usbstk5505_i2c.obj (.bss)
                 [ 00006330 ]  00003198          *   00000036   PLL.obj (.bss)
                 [ 0000639c ]  000031ce          *   00000007   rts55h.lib : memory.obj (.bss)

.bss.2       0   [ 000063ac ]  000031d6          *   0000000a   UNINITIALIZED
                 [ 000063ac ]  000031d6          *   00000004   rts55h.lib : _lock.obj (.bss)
                 [ 000063b4 ]  000031da          *   00000004              : exit.obj (.bss)
                 [ 000063bc ]  000031de          *   00000002   aic3204.obj (.bss)

.text        0     00020000  [ 00010000 ] 00005167          *   
                   00020000  [ 00010000 ] 00001533          *   rts55h.lib : _printfi.obj (.text)
                   00021533  [ 00010a99+] 00000538          *              : trgdrv.obj (.text)
                   00021a6b  [ 00010d35+] 00000533          *              : memory.obj (.text)
                   00021f9e  [ 00010fcf ] 00000522          *   aic3204_init.obj (.text)
                   000224c0  [ 00011260 ] 00000518          *   rts55h.lib : lowlev.obj (.text)
                   000229d8  [ 000114ec ] 000003c7          *              : divd.obj (.text)
                   00022d9f  [ 000116cf+] 00000340          *   PLL.obj (.text)
                   000230df  [ 0001186f+] 000002ad          *   CSLc55x5h.lib : csl_pll.obj (.text)
                   0002338c  [ 000119c6 ] 0000026c          *   rts55h.lib : fopen.obj (.text)
                   000235f8  [ 00011afc ] 0000025c          *              : llmpy.obj (.text)
                   00023854  [ 00011c2a ] 00000257          *              : addd.obj (.text)
                   00023aab  [ 00011d55+] 000001ea          *              : cmpd.obj (.text)
                   00023c95  [ 00011e4a+] 0000017b          *              : fputs.obj (.text)
                   00023e10  [ 00011f08 ] 00000164          *   usbstk5505_gpio.obj (.text)
                   00023f74  [ 00011fba ] 0000014b          *   rts55h.lib : mpyd.obj (.text)
                   000240bf  [ 0001205f+] 0000013f          *   main.obj (.text)
                   000241fe  [ 000120ff ] 0000013b          *   aic3204.obj (.text)
                   00024339  [ 0001219c+] 0000012a          *   usbstk5505_i2c.obj (.text)
                   00024463  [ 00012231+] 000000f3          *   rts55h.lib : setvbuf.obj (.text)
                   00024556  [ 000122ab ] 000000da          *              : _io_perm.obj (.text)
                   00024630  [ 00012318 ] 000000be          *              : trgmsg.obj (.text:CIO_breakpoint)
                   000246ee  [ 00012377 ] 000000ba          *              : fflush.obj (.text)
                   000247a8  [ 000123d4 ] 000000a2          *              : fputc.obj (.text)
                   0002484a  [ 00012425 ] 000000a0          *              : divul.obj (.text)
                   000248ea  [ 00012475 ] 00000079          *              : ltoa.obj (.text)
                   00024963  [ 000124b1+] 00000076          *              : fclose.obj (.text)
                   000249d9  [ 000124ec+] 00000076          *              : frcmpyd.obj (.text)
                   00024a4f  [ 00012527+] 00000073          *              : frcmpyd_div.obj (.text)
                   00024ac2  [ 00012561 ] 00000070          *              : remul.obj (.text)
                   00024b32  [ 00012599 ] 0000006e          *              : fixdli.obj (.text)
                   00024ba0  [ 000125d0 ] 0000006b          *   55xdsph.lib : fir.obj (.text)
                   00024c0b  [ 00012605+] 0000006b          *   rts55h.lib : trgmsg.obj (.text)
                   00024c76  [ 0001263b ] 00000068          *              : fseek.obj (.text)
                   00024cde  [ 0001266f ] 00000067          *              : fltlid.obj (.text)
                   00024d45  [ 000126a2+] 00000059          *              : atoi.obj (.text)
                   00024d9e  [ 000126cf ] 00000056          *              : memcpy.obj (.text)
                   00024df4  [ 000126fa ] 00000054          *   usbstk5505.obj (.text)
                   00024e48  [ 00012724 ] 0000004e          *   rts55h.lib : printf.obj (.text)
                   00024e96  [ 0001274b ] 0000004d          *              : autoinit.obj (.text)
                   00024ee3  [ 00012771+] 0000004b          *              : remli.obj (.text)
                   00024f2e  [ 00012797 ] 00000049          *              : args_main.obj (.text)
                   00024f77  [ 000127bb+] 00000048          *              : divli.obj (.text)
                   00024fbf  [ 000127df+] 0000003e          *              : exit.obj (.text)
                   00024ffd  [ 000127fe+] 00000034          *              : boot.obj (.text)
                   00025031  [ 00012818+] 0000002d          *   usbstk5505_led.obj (.text)
                   0002505e  [ 0001282f ] 0000002a          *   rts55h.lib : fixdi.obj (.text)
                   00025088  [ 00012844 ] 0000002a          *              : udiv.obj (.text)
                   000250b2  [ 00012859 ] 00000022          *              : memccpy.obj (.text)
                   000250d4  [ 0001286a ] 0000001c          *   stereo.obj (.text)
                   000250f0  [ 00012878 ] 0000001a          *   rts55h.lib : isinf.obj (.text)
                   0002510a  [ 00012885 ] 00000014          *              : subd.obj (.text)
                   0002511e  [ 0001288f ] 00000013          *              : lmpy.obj (.text)
                   00025131  [ 00012898+] 00000012          *              : _lock.obj (.text)
                   00025143  [ 000128a1+] 00000010          *              : negd.obj (.text)
                   00025153  [ 000128a9+] 0000000a          *              : remove.obj (.text)
                   0002515d  [ 000128ae+] 00000007          *              : exit.obj (.text:CIO_breakpoint)
                   00025164  [ 000128b2 ] 00000002          *              : vectors.obj (.text)
                   00025166  [ 000128b3 ] 00000001          *   --HOLE-- [fill = 20]

.cio         0   [ 00040000 ]  00020000          *   00000120   UNINITIALIZED
                 [ 00040000 ]  00020000          *   00000120   rts55h.lib : trgmsg.obj (.cio)

.cinit       0   [ 00040240 ]  00020120          *   000000be   
                 [ 00040240 ]  00020120          *   00000046   PLL.obj (.cinit)
                 [ 000402cc ]  00020166          *   0000002d   rts55h.lib : lowlev.obj (.cinit)
                 [ 00040326 ]  00020193          *   0000002a              : defs.obj (.cinit)
                 [ 0004037a ]  000201bd          *   0000000a              : _lock.obj (.cinit)
                 [ 0004038e ]  000201c7          *   0000000a              : exit.obj (.cinit)
                 [ 000403a2 ]  000201d1          *   00000004              : fopen.obj (.cinit)
                 [ 000403aa ]  000201d5          *   00000004              : memory.obj (.cinit)
                 [ 000403b2 ]  000201d9          *   00000004   usbstk5505_i2c.obj (.cinit)
                 [ 000403ba ]  000201dd          *   00000001   --HOLE-- [fill = 0]

vectors      0     0004fe00  [ 00027f00 ] 00000100          *   
                   0004fe00  [ 00027f00 ] 00000100          *   rts55h.lib : vectors.obj (vectors)


GLOBAL SYMBOLS: SORTED ALPHABETICALLY BY Name 

abs. value/
byte addr   word addr   name
---------   ---------   ----
00000002                $TI_capability$C5500$CallingConvention
00000008                $TI_capability$C5500$MemoryModel
00000001                $TI_capability_requires_rev3
ffffffff                .bss
ffffffff                .data
ffffffff                .text
0002515e                C$$EXIT
000246e9                C$$IO$$
0002511e                I$$LMPY
00025088                I$$UDIV
0002509d                I$$UMOD
000241fe                _AIC3204_rget
00024249                _AIC3204_rset
00021a0d                _HOSTclock
000219a2                _HOSTclose
000218ed                _HOSTlseek
0002184c                _HOSTopen
000217c1                _HOSTread
00021708                _HOSTrename
000216aa                _HOSTtime
0002163e                _HOSTunlink
000215b3                _HOSTwrite
000232d1                _PLL_bypass
00023141                _PLL_config
0002326a                _PLL_enable
00023109                _PLL_init
00023320                _PLL_reset
0004fe00                _Reset
00023f1c                _USBSTK5505_GPIO_getInput
00023e10                _USBSTK5505_GPIO_init
00023e14                _USBSTK5505_GPIO_setDirection
00023e9f                _USBSTK5505_GPIO_setOutput
00024358                _USBSTK5505_I2C_close
00024339                _USBSTK5505_I2C_init
000243ea                _USBSTK5505_I2C_read
00024361                _USBSTK5505_I2C_reset
0002436f                _USBSTK5505_I2C_write
00025031                _USBSTK5505_LED_init
0002504d                _USBSTK5505_LED_off
0002503c                _USBSTK5505_LED_on
00024e3a                _USBSTK5505_init
00024df4                _USBSTK5505_wait
00024e28                _USBSTK5505_waitusec
            00020000    __CIOBUF_
            00001060    __STACK_END
00002000                __STACK_SIZE
00002000                __SYSMEM_SIZE
00001000                __SYSSTACK_SIZE
00000001                __TI_args_main
ffffffff                ___binit__
ffffffff                ___bss__
ffffffff                ___c_args__
            00020120    ___cinit__
ffffffff                ___data__
ffffffff                ___edata__
ffffffff                ___end__
ffffffff                ___etext__
000250f0                ___isinf
ffffffff                ___pinit__
ffffffff                ___text__
00023854                __addd
00024f2e                __args_main
000234a1                __cleanup
            000031da    __cleanup_ptr
00023c3d                __cmpd
            00002dee    __ctypes_
000229d8                __divd
00024f77                __divli
00023820                __divlli
00025088                __divu
0002484a                __divul
0002372c                __divull
000246ee                __doflush
            000031dc    __dtors_ptr
00023c09                __eqld
0002505e                __fixdi
00024b32                __fixdli
00024cde                __fltlid
000249d9                __frcmpyd
00024a4f                __frcmpyd_div
            00003054    __ft_end
            00002f3c    __ftable
00023bbf                __geqd
00023b74                __gtrd
00023b27                __leqd
            000031d6    __lock
00023adf                __lssd
00023f74                __mpyd
0002511e                __mpyli
00023675                __mpylli
00025143                __negd
00023aab                __neqd
00025141                __nop
00021315                __printfi
000245d3                __rd_ok
00025139                __register_lock
00025131                __register_unlock
00024ee3                __remli
00023646                __remlli
0002509d                __remu
00024ac2                __remul
000235f8                __remull
            00000060    __stack
0002510a                __subd
            00001860    __sys_memory
            00001060    __sysstack
            00002fb4    __tmpnams
            000031d8    __unlock
00024556                __wrt_ok
0002515d                _abort
000228f0                _add_device
000242b7                _aic3204_codec_read
000242fd                _aic3204_codec_write
0002429b                _aic3204_disable
0002426b                _aic3204_hardware_init
00021f9e                _aic3204_init
00024d45                _atoi
00024e96                _auto_init
00024ffd                _c_int00
00021f52                _calloc
00021f4a                _chkheap
00022880                _close
            00002a96    _coeffs
            000031de    _counter1
            000031df    _counter2
00024fbf                _exit
00024963                _fclose
00024750                _fflush
00022877                _find_registered_device
00024ba0                _fir
000235bf                _fopen
000247a8                _fputc
00023c95                _fputs
00021a6b                _free
00021ee3                _free_memory
000234f9                _freopen
00024c76                _fseek
00021533                _getenv
            000031a2    _hPll
00022813                _lseek
000248ea                _ltoa
000240d6                _main
00021baf                _malloc
00021e79                _max_free
000250b2                _memccpy
00024d9e                _memcpy
00021b3d                _minit
            00002f34    _no_of_coeffs
00022756                _open
            000031cc    _pConfigInfo
            0000319e    _pllCfg1
            000031c4    _pllCfg_100MHz
            000031c8    _pllCfg_120MHz
            000031ac    _pllCfg_12MHz
            000031b0    _pllCfg_12p288MHz
            000031a4    _pllCfg_1MHz
            000031a8    _pllCfg_2MHz
            000031b4    _pllCfg_40MHz
            000031b8    _pllCfg_60MHz
            000031bc    _pllCfg_75MHz
            000031c0    _pllCfg_98MHz
            00003198    _pllObj
00022e1a                _pll_frequency_setup
00024e48                _printf
000247a8                _putc
0002483b                _putchar
00023de4                _puts
000226ac                _read
00024c0b                _readmsg
00021cb0                _realloc
00025153                _remove
00022678                _remove_device
00022621                _rename
00022170                _set_sampling_frequency_and_gain
00024463                _setvbuf
000250d4                _stereo_to_mono
000240bf                _to_q15
000225ed                _unlink
000224c0                _write
00024630                _writemsg
ffffffff                binit
            00020120    cinit
ffffffff                edata
ffffffff                end
ffffffff                etext
ffffffff                pinit


GLOBAL SYMBOLS: SORTED BY Symbol Address 

abs. value/
byte addr   word addr   name
---------   ---------   ----
00000001                $TI_capability_requires_rev3
00000001                __TI_args_main
00000002                $TI_capability$C5500$CallingConvention
00000008                $TI_capability$C5500$MemoryModel
            00000060    __stack
00001000                __SYSSTACK_SIZE
00002000                __STACK_SIZE
00002000                __SYSMEM_SIZE
            00001060    __STACK_END
            00001060    __sysstack
            00001860    __sys_memory
            00002a96    _coeffs
            00002dee    __ctypes_
            00002f34    _no_of_coeffs
            00002f3c    __ftable
            00002fb4    __tmpnams
            00003054    __ft_end
            00003198    _pllObj
            0000319e    _pllCfg1
            000031a2    _hPll
            000031a4    _pllCfg_1MHz
            000031a8    _pllCfg_2MHz
            000031ac    _pllCfg_12MHz
            000031b0    _pllCfg_12p288MHz
            000031b4    _pllCfg_40MHz
            000031b8    _pllCfg_60MHz
            000031bc    _pllCfg_75MHz
            000031c0    _pllCfg_98MHz
            000031c4    _pllCfg_100MHz
            000031c8    _pllCfg_120MHz
            000031cc    _pConfigInfo
            000031d6    __lock
            000031d8    __unlock
            000031da    __cleanup_ptr
            000031dc    __dtors_ptr
            000031de    _counter1
            000031df    _counter2
00021315                __printfi
00021533                _getenv
000215b3                _HOSTwrite
0002163e                _HOSTunlink
000216aa                _HOSTtime
00021708                _HOSTrename
000217c1                _HOSTread
0002184c                _HOSTopen
000218ed                _HOSTlseek
000219a2                _HOSTclose
00021a0d                _HOSTclock
00021a6b                _free
00021b3d                _minit
00021baf                _malloc
00021cb0                _realloc
00021e79                _max_free
00021ee3                _free_memory
00021f4a                _chkheap
00021f52                _calloc
00021f9e                _aic3204_init
00022170                _set_sampling_frequency_and_gain
000224c0                _write
000225ed                _unlink
00022621                _rename
00022678                _remove_device
000226ac                _read
00022756                _open
00022813                _lseek
00022877                _find_registered_device
00022880                _close
000228f0                _add_device
000229d8                __divd
00022e1a                _pll_frequency_setup
00023109                _PLL_init
00023141                _PLL_config
0002326a                _PLL_enable
000232d1                _PLL_bypass
00023320                _PLL_reset
000234a1                __cleanup
000234f9                _freopen
000235bf                _fopen
000235f8                __remull
00023646                __remlli
00023675                __mpylli
0002372c                __divull
00023820                __divlli
00023854                __addd
00023aab                __neqd
00023adf                __lssd
00023b27                __leqd
00023b74                __gtrd
00023bbf                __geqd
00023c09                __eqld
00023c3d                __cmpd
00023c95                _fputs
00023de4                _puts
00023e10                _USBSTK5505_GPIO_init
00023e14                _USBSTK5505_GPIO_setDirection
00023e9f                _USBSTK5505_GPIO_setOutput
00023f1c                _USBSTK5505_GPIO_getInput
00023f74                __mpyd
000240bf                _to_q15
000240d6                _main
000241fe                _AIC3204_rget
00024249                _AIC3204_rset
0002426b                _aic3204_hardware_init
0002429b                _aic3204_disable
000242b7                _aic3204_codec_read
000242fd                _aic3204_codec_write
00024339                _USBSTK5505_I2C_init
00024358                _USBSTK5505_I2C_close
00024361                _USBSTK5505_I2C_reset
0002436f                _USBSTK5505_I2C_write
000243ea                _USBSTK5505_I2C_read
00024463                _setvbuf
00024556                __wrt_ok
000245d3                __rd_ok
00024630                _writemsg
000246e9                C$$IO$$
000246ee                __doflush
00024750                _fflush
000247a8                _fputc
000247a8                _putc
0002483b                _putchar
0002484a                __divul
000248ea                _ltoa
00024963                _fclose
000249d9                __frcmpyd
00024a4f                __frcmpyd_div
00024ac2                __remul
00024b32                __fixdli
00024ba0                _fir
00024c0b                _readmsg
00024c76                _fseek
00024cde                __fltlid
00024d45                _atoi
00024d9e                _memcpy
00024df4                _USBSTK5505_wait
00024e28                _USBSTK5505_waitusec
00024e3a                _USBSTK5505_init
00024e48                _printf
00024e96                _auto_init
00024ee3                __remli
00024f2e                __args_main
00024f77                __divli
00024fbf                _exit
00024ffd                _c_int00
00025031                _USBSTK5505_LED_init
0002503c                _USBSTK5505_LED_on
0002504d                _USBSTK5505_LED_off
0002505e                __fixdi
00025088                I$$UDIV
00025088                __divu
0002509d                I$$UMOD
0002509d                __remu
000250b2                _memccpy
000250d4                _stereo_to_mono
000250f0                ___isinf
0002510a                __subd
0002511e                I$$LMPY
0002511e                __mpyli
00025131                __register_unlock
00025139                __register_lock
00025141                __nop
00025143                __negd
00025153                _remove
0002515d                _abort
0002515e                C$$EXIT
            00020000    __CIOBUF_
            00020120    ___cinit__
            00020120    cinit
0004fe00                _Reset
ffffffff                .bss
ffffffff                .data
ffffffff                .text
ffffffff                ___binit__
ffffffff                ___bss__
ffffffff                ___c_args__
ffffffff                ___data__
ffffffff                ___edata__
ffffffff                ___end__
ffffffff                ___etext__
ffffffff                ___pinit__
ffffffff                ___text__
ffffffff                binit
ffffffff                edata
ffffffff                end
ffffffff                etext
ffffffff                pinit

[186 symbols]
