<?xml version="1.0"?>
<link_info>
   <banner>TMS320C55x Linker PC v4.4.1</banner>
   <copyright>Copyright (c) 1996-2012 Texas Instruments Incorporated</copyright>
   <link_time>0x5edf036b</link_time>
   <output_file>FIR.out</output_file>
   <entry_point>
      <name>_c_int00</name>
      <address>0x24ffd</address>
   </entry_point>
   <input_file_list>
      <input_file id="fl-2">
         <path>.\</path>
         <kind>object</kind>
         <file>usbstk5505_led.obj</file>
         <name>usbstk5505_led.obj</name>
      </input_file>
      <input_file id="fl-3">
         <path>.\</path>
         <kind>object</kind>
         <file>usbstk5505_i2c.obj</file>
         <name>usbstk5505_i2c.obj</name>
      </input_file>
      <input_file id="fl-4">
         <path>.\</path>
         <kind>object</kind>
         <file>usbstk5505_gpio.obj</file>
         <name>usbstk5505_gpio.obj</name>
      </input_file>
      <input_file id="fl-5">
         <path>.\</path>
         <kind>object</kind>
         <file>usbstk5505.obj</file>
         <name>usbstk5505.obj</name>
      </input_file>
      <input_file id="fl-6">
         <path>.\</path>
         <kind>object</kind>
         <file>stereo.obj</file>
         <name>stereo.obj</name>
      </input_file>
      <input_file id="fl-7">
         <path>.\</path>
         <kind>object</kind>
         <file>main.obj</file>
         <name>main.obj</name>
      </input_file>
      <input_file id="fl-8">
         <path>.\</path>
         <kind>object</kind>
         <file>aic3204_init.obj</file>
         <name>aic3204_init.obj</name>
      </input_file>
      <input_file id="fl-9">
         <path>.\</path>
         <kind>object</kind>
         <file>aic3204.obj</file>
         <name>aic3204.obj</name>
      </input_file>
      <input_file id="fl-a">
         <path>.\</path>
         <kind>object</kind>
         <file>PLL.obj</file>
         <name>PLL.obj</name>
      </input_file>
      <input_file id="fl-13">
         <path>..\</path>
         <kind>archive</kind>
         <file>55xdsph.lib</file>
         <name>fir.obj</name>
      </input_file>
      <input_file id="fl-14">
         <path>..\</path>
         <kind>archive</kind>
         <file>CSLc55x5h.lib</file>
         <name>csl_pll.obj</name>
      </input_file>
      <input_file id="fl-15">
         <path>D:\ti\ccsv5\tools\compiler\c5500_4.4.1\lib\</path>
         <kind>archive</kind>
         <file>rts55h.lib</file>
         <name>boot.obj</name>
      </input_file>
      <input_file id="fl-16">
         <path>D:\ti\ccsv5\tools\compiler\c5500_4.4.1\lib\</path>
         <kind>archive</kind>
         <file>rts55h.lib</file>
         <name>exit.obj</name>
      </input_file>
      <input_file id="fl-17">
         <path>D:\ti\ccsv5\tools\compiler\c5500_4.4.1\lib\</path>
         <kind>archive</kind>
         <file>rts55h.lib</file>
         <name>fixdi.obj</name>
      </input_file>
      <input_file id="fl-18">
         <path>D:\ti\ccsv5\tools\compiler\c5500_4.4.1\lib\</path>
         <kind>archive</kind>
         <file>rts55h.lib</file>
         <name>fixdli.obj</name>
      </input_file>
      <input_file id="fl-19">
         <path>D:\ti\ccsv5\tools\compiler\c5500_4.4.1\lib\</path>
         <kind>archive</kind>
         <file>rts55h.lib</file>
         <name>mpyd.obj</name>
      </input_file>
      <input_file id="fl-1a">
         <path>D:\ti\ccsv5\tools\compiler\c5500_4.4.1\lib\</path>
         <kind>archive</kind>
         <file>rts55h.lib</file>
         <name>printf.obj</name>
      </input_file>
      <input_file id="fl-1b">
         <path>D:\ti\ccsv5\tools\compiler\c5500_4.4.1\lib\</path>
         <kind>archive</kind>
         <file>rts55h.lib</file>
         <name>vectors.obj</name>
      </input_file>
      <input_file id="fl-1c">
         <path>D:\ti\ccsv5\tools\compiler\c5500_4.4.1\lib\</path>
         <kind>archive</kind>
         <file>rts55h.lib</file>
         <name>_lock.obj</name>
      </input_file>
      <input_file id="fl-1d">
         <path>D:\ti\ccsv5\tools\compiler\c5500_4.4.1\lib\</path>
         <kind>archive</kind>
         <file>rts55h.lib</file>
         <name>_printfi.obj</name>
      </input_file>
      <input_file id="fl-1e">
         <path>D:\ti\ccsv5\tools\compiler\c5500_4.4.1\lib\</path>
         <kind>archive</kind>
         <file>rts55h.lib</file>
         <name>args_main.obj</name>
      </input_file>
      <input_file id="fl-1f">
         <path>D:\ti\ccsv5\tools\compiler\c5500_4.4.1\lib\</path>
         <kind>archive</kind>
         <file>rts55h.lib</file>
         <name>atoi.obj</name>
      </input_file>
      <input_file id="fl-20">
         <path>D:\ti\ccsv5\tools\compiler\c5500_4.4.1\lib\</path>
         <kind>archive</kind>
         <file>rts55h.lib</file>
         <name>autoinit.obj</name>
      </input_file>
      <input_file id="fl-21">
         <path>D:\ti\ccsv5\tools\compiler\c5500_4.4.1\lib\</path>
         <kind>archive</kind>
         <file>rts55h.lib</file>
         <name>cmpd.obj</name>
      </input_file>
      <input_file id="fl-22">
         <path>D:\ti\ccsv5\tools\compiler\c5500_4.4.1\lib\</path>
         <kind>archive</kind>
         <file>rts55h.lib</file>
         <name>ctype.obj</name>
      </input_file>
      <input_file id="fl-23">
         <path>D:\ti\ccsv5\tools\compiler\c5500_4.4.1\lib\</path>
         <kind>archive</kind>
         <file>rts55h.lib</file>
         <name>defs.obj</name>
      </input_file>
      <input_file id="fl-24">
         <path>D:\ti\ccsv5\tools\compiler\c5500_4.4.1\lib\</path>
         <kind>archive</kind>
         <file>rts55h.lib</file>
         <name>divd.obj</name>
      </input_file>
      <input_file id="fl-25">
         <path>D:\ti\ccsv5\tools\compiler\c5500_4.4.1\lib\</path>
         <kind>archive</kind>
         <file>rts55h.lib</file>
         <name>divul.obj</name>
      </input_file>
      <input_file id="fl-26">
         <path>D:\ti\ccsv5\tools\compiler\c5500_4.4.1\lib\</path>
         <kind>archive</kind>
         <file>rts55h.lib</file>
         <name>fltlid.obj</name>
      </input_file>
      <input_file id="fl-27">
         <path>D:\ti\ccsv5\tools\compiler\c5500_4.4.1\lib\</path>
         <kind>archive</kind>
         <file>rts55h.lib</file>
         <name>fputc.obj</name>
      </input_file>
      <input_file id="fl-28">
         <path>D:\ti\ccsv5\tools\compiler\c5500_4.4.1\lib\</path>
         <kind>archive</kind>
         <file>rts55h.lib</file>
         <name>fputs.obj</name>
      </input_file>
      <input_file id="fl-29">
         <path>D:\ti\ccsv5\tools\compiler\c5500_4.4.1\lib\</path>
         <kind>archive</kind>
         <file>rts55h.lib</file>
         <name>frcmpyd.obj</name>
      </input_file>
      <input_file id="fl-2a">
         <path>D:\ti\ccsv5\tools\compiler\c5500_4.4.1\lib\</path>
         <kind>archive</kind>
         <file>rts55h.lib</file>
         <name>frcmpyd_div.obj</name>
      </input_file>
      <input_file id="fl-2b">
         <path>D:\ti\ccsv5\tools\compiler\c5500_4.4.1\lib\</path>
         <kind>archive</kind>
         <file>rts55h.lib</file>
         <name>isinf.obj</name>
      </input_file>
      <input_file id="fl-2c">
         <path>D:\ti\ccsv5\tools\compiler\c5500_4.4.1\lib\</path>
         <kind>archive</kind>
         <file>rts55h.lib</file>
         <name>llmpy.obj</name>
      </input_file>
      <input_file id="fl-2d">
         <path>D:\ti\ccsv5\tools\compiler\c5500_4.4.1\lib\</path>
         <kind>archive</kind>
         <file>rts55h.lib</file>
         <name>lmpy.obj</name>
      </input_file>
      <input_file id="fl-2e">
         <path>D:\ti\ccsv5\tools\compiler\c5500_4.4.1\lib\</path>
         <kind>archive</kind>
         <file>rts55h.lib</file>
         <name>lowlev.obj</name>
      </input_file>
      <input_file id="fl-2f">
         <path>D:\ti\ccsv5\tools\compiler\c5500_4.4.1\lib\</path>
         <kind>archive</kind>
         <file>rts55h.lib</file>
         <name>ltoa.obj</name>
      </input_file>
      <input_file id="fl-30">
         <path>D:\ti\ccsv5\tools\compiler\c5500_4.4.1\lib\</path>
         <kind>archive</kind>
         <file>rts55h.lib</file>
         <name>memccpy.obj</name>
      </input_file>
      <input_file id="fl-31">
         <path>D:\ti\ccsv5\tools\compiler\c5500_4.4.1\lib\</path>
         <kind>archive</kind>
         <file>rts55h.lib</file>
         <name>memcpy.obj</name>
      </input_file>
      <input_file id="fl-32">
         <path>D:\ti\ccsv5\tools\compiler\c5500_4.4.1\lib\</path>
         <kind>archive</kind>
         <file>rts55h.lib</file>
         <name>negd.obj</name>
      </input_file>
      <input_file id="fl-33">
         <path>D:\ti\ccsv5\tools\compiler\c5500_4.4.1\lib\</path>
         <kind>archive</kind>
         <file>rts55h.lib</file>
         <name>remli.obj</name>
      </input_file>
      <input_file id="fl-34">
         <path>D:\ti\ccsv5\tools\compiler\c5500_4.4.1\lib\</path>
         <kind>archive</kind>
         <file>rts55h.lib</file>
         <name>remul.obj</name>
      </input_file>
      <input_file id="fl-35">
         <path>D:\ti\ccsv5\tools\compiler\c5500_4.4.1\lib\</path>
         <kind>archive</kind>
         <file>rts55h.lib</file>
         <name>subd.obj</name>
      </input_file>
      <input_file id="fl-36">
         <path>D:\ti\ccsv5\tools\compiler\c5500_4.4.1\lib\</path>
         <kind>archive</kind>
         <file>rts55h.lib</file>
         <name>trgdrv.obj</name>
      </input_file>
      <input_file id="fl-37">
         <path>D:\ti\ccsv5\tools\compiler\c5500_4.4.1\lib\</path>
         <kind>archive</kind>
         <file>rts55h.lib</file>
         <name>trgmsg.obj</name>
      </input_file>
      <input_file id="fl-38">
         <path>D:\ti\ccsv5\tools\compiler\c5500_4.4.1\lib\</path>
         <kind>archive</kind>
         <file>rts55h.lib</file>
         <name>udiv.obj</name>
      </input_file>
      <input_file id="fl-39">
         <path>D:\ti\ccsv5\tools\compiler\c5500_4.4.1\lib\</path>
         <kind>archive</kind>
         <file>rts55h.lib</file>
         <name>_io_perm.obj</name>
      </input_file>
      <input_file id="fl-3a">
         <path>D:\ti\ccsv5\tools\compiler\c5500_4.4.1\lib\</path>
         <kind>archive</kind>
         <file>rts55h.lib</file>
         <name>addd.obj</name>
      </input_file>
      <input_file id="fl-3b">
         <path>D:\ti\ccsv5\tools\compiler\c5500_4.4.1\lib\</path>
         <kind>archive</kind>
         <file>rts55h.lib</file>
         <name>divli.obj</name>
      </input_file>
      <input_file id="fl-3c">
         <path>D:\ti\ccsv5\tools\compiler\c5500_4.4.1\lib\</path>
         <kind>archive</kind>
         <file>rts55h.lib</file>
         <name>fflush.obj</name>
      </input_file>
      <input_file id="fl-3d">
         <path>D:\ti\ccsv5\tools\compiler\c5500_4.4.1\lib\</path>
         <kind>archive</kind>
         <file>rts55h.lib</file>
         <name>fseek.obj</name>
      </input_file>
      <input_file id="fl-3e">
         <path>D:\ti\ccsv5\tools\compiler\c5500_4.4.1\lib\</path>
         <kind>archive</kind>
         <file>rts55h.lib</file>
         <name>setvbuf.obj</name>
      </input_file>
      <input_file id="fl-3f">
         <path>D:\ti\ccsv5\tools\compiler\c5500_4.4.1\lib\</path>
         <kind>archive</kind>
         <file>rts55h.lib</file>
         <name>fopen.obj</name>
      </input_file>
      <input_file id="fl-40">
         <path>D:\ti\ccsv5\tools\compiler\c5500_4.4.1\lib\</path>
         <kind>archive</kind>
         <file>rts55h.lib</file>
         <name>memory.obj</name>
      </input_file>
      <input_file id="fl-41">
         <path>D:\ti\ccsv5\tools\compiler\c5500_4.4.1\lib\</path>
         <kind>archive</kind>
         <file>rts55h.lib</file>
         <name>fclose.obj</name>
      </input_file>
      <input_file id="fl-42">
         <path>D:\ti\ccsv5\tools\compiler\c5500_4.4.1\lib\</path>
         <kind>archive</kind>
         <file>rts55h.lib</file>
         <name>remove.obj</name>
      </input_file>
   </input_file_list>
   <object_component_list>
      <object_component id="oc-76">
         <name>.text</name>
         <load_address>0x20000</load_address>
         <run_address>0x20000</run_address>
         <size>0x1533</size>
         <input_file_ref idref="fl-1d"/>
      </object_component>
      <object_component id="oc-de">
         <name>.text</name>
         <load_address>0x21533</load_address>
         <run_address>0x21533</run_address>
         <size>0x538</size>
         <input_file_ref idref="fl-36"/>
      </object_component>
      <object_component id="oc-10b">
         <name>.text</name>
         <load_address>0x21a6b</load_address>
         <run_address>0x21a6b</run_address>
         <size>0x533</size>
         <input_file_ref idref="fl-40"/>
      </object_component>
      <object_component id="oc-34">
         <name>.text</name>
         <load_address>0x21f9e</load_address>
         <run_address>0x21f9e</run_address>
         <size>0x522</size>
         <input_file_ref idref="fl-8"/>
      </object_component>
      <object_component id="oc-bc">
         <name>.text</name>
         <load_address>0x224c0</load_address>
         <run_address>0x224c0</run_address>
         <size>0x518</size>
         <input_file_ref idref="fl-2e"/>
      </object_component>
      <object_component id="oc-92">
         <name>.text</name>
         <load_address>0x229d8</load_address>
         <run_address>0x229d8</run_address>
         <size>0x3c7</size>
         <input_file_ref idref="fl-24"/>
      </object_component>
      <object_component id="oc-40">
         <name>.text</name>
         <load_address>0x22d9f</load_address>
         <run_address>0x22d9f</run_address>
         <size>0x340</size>
         <input_file_ref idref="fl-a"/>
      </object_component>
      <object_component id="oc-4c">
         <name>.text</name>
         <load_address>0x230df</load_address>
         <run_address>0x230df</run_address>
         <size>0x2ad</size>
         <input_file_ref idref="fl-14"/>
      </object_component>
      <object_component id="oc-105">
         <name>.text</name>
         <load_address>0x2338c</load_address>
         <run_address>0x2338c</run_address>
         <size>0x26c</size>
         <input_file_ref idref="fl-3f"/>
      </object_component>
      <object_component id="oc-b4">
         <name>.text</name>
         <load_address>0x235f8</load_address>
         <run_address>0x235f8</run_address>
         <size>0x25c</size>
         <input_file_ref idref="fl-2c"/>
      </object_component>
      <object_component id="oc-f1">
         <name>.text</name>
         <load_address>0x23854</load_address>
         <run_address>0x23854</run_address>
         <size>0x257</size>
         <input_file_ref idref="fl-3a"/>
      </object_component>
      <object_component id="oc-88">
         <name>.text</name>
         <load_address>0x23aab</load_address>
         <run_address>0x23aab</run_address>
         <size>0x1ea</size>
         <input_file_ref idref="fl-21"/>
      </object_component>
      <object_component id="oc-a3">
         <name>.text</name>
         <load_address>0x23c95</load_address>
         <run_address>0x23c95</run_address>
         <size>0x17b</size>
         <input_file_ref idref="fl-28"/>
      </object_component>
      <object_component id="oc-1e">
         <name>.text</name>
         <load_address>0x23e10</load_address>
         <run_address>0x23e10</run_address>
         <size>0x164</size>
         <input_file_ref idref="fl-4"/>
      </object_component>
      <object_component id="oc-64">
         <name>.text</name>
         <load_address>0x23f74</load_address>
         <run_address>0x23f74</run_address>
         <size>0x14b</size>
         <input_file_ref idref="fl-19"/>
      </object_component>
      <object_component id="oc-2d">
         <name>.text</name>
         <load_address>0x240bf</load_address>
         <run_address>0x240bf</run_address>
         <size>0x13f</size>
         <input_file_ref idref="fl-7"/>
      </object_component>
      <object_component id="oc-3a">
         <name>.text</name>
         <load_address>0x241fe</load_address>
         <run_address>0x241fe</run_address>
         <size>0x13b</size>
         <input_file_ref idref="fl-9"/>
      </object_component>
      <object_component id="oc-17">
         <name>.text</name>
         <load_address>0x24339</load_address>
         <run_address>0x24339</run_address>
         <size>0x12a</size>
         <input_file_ref idref="fl-3"/>
      </object_component>
      <object_component id="oc-101">
         <name>.text</name>
         <load_address>0x24463</load_address>
         <run_address>0x24463</run_address>
         <size>0xf3</size>
         <input_file_ref idref="fl-3e"/>
      </object_component>
      <object_component id="oc-ed">
         <name>.text</name>
         <load_address>0x24556</load_address>
         <run_address>0x24556</run_address>
         <size>0xda</size>
         <input_file_ref idref="fl-39"/>
      </object_component>
      <object_component id="oc-e6">
         <name>.text:CIO_breakpoint</name>
         <load_address>0x24630</load_address>
         <run_address>0x24630</run_address>
         <size>0xbe</size>
         <input_file_ref idref="fl-37"/>
      </object_component>
      <object_component id="oc-f9">
         <name>.text</name>
         <load_address>0x246ee</load_address>
         <run_address>0x246ee</run_address>
         <size>0xba</size>
         <input_file_ref idref="fl-3c"/>
      </object_component>
      <object_component id="oc-9f">
         <name>.text</name>
         <load_address>0x247a8</load_address>
         <run_address>0x247a8</run_address>
         <size>0xa2</size>
         <input_file_ref idref="fl-27"/>
      </object_component>
      <object_component id="oc-96">
         <name>.text</name>
         <load_address>0x2484a</load_address>
         <run_address>0x2484a</run_address>
         <size>0xa0</size>
         <input_file_ref idref="fl-25"/>
      </object_component>
      <object_component id="oc-c2">
         <name>.text</name>
         <load_address>0x248ea</load_address>
         <run_address>0x248ea</run_address>
         <size>0x79</size>
         <input_file_ref idref="fl-2f"/>
      </object_component>
      <object_component id="oc-112">
         <name>.text</name>
         <load_address>0x24963</load_address>
         <run_address>0x24963</run_address>
         <size>0x76</size>
         <input_file_ref idref="fl-41"/>
      </object_component>
      <object_component id="oc-a8">
         <name>.text</name>
         <load_address>0x249d9</load_address>
         <run_address>0x249d9</run_address>
         <size>0x76</size>
         <input_file_ref idref="fl-29"/>
      </object_component>
      <object_component id="oc-ac">
         <name>.text</name>
         <load_address>0x24a4f</load_address>
         <run_address>0x24a4f</run_address>
         <size>0x73</size>
         <input_file_ref idref="fl-2a"/>
      </object_component>
      <object_component id="oc-d6">
         <name>.text</name>
         <load_address>0x24ac2</load_address>
         <run_address>0x24ac2</run_address>
         <size>0x70</size>
         <input_file_ref idref="fl-34"/>
      </object_component>
      <object_component id="oc-60">
         <name>.text</name>
         <load_address>0x24b32</load_address>
         <run_address>0x24b32</run_address>
         <size>0x6e</size>
         <input_file_ref idref="fl-18"/>
      </object_component>
      <object_component id="oc-48">
         <name>.text</name>
         <load_address>0x24ba0</load_address>
         <run_address>0x24ba0</run_address>
         <size>0x6b</size>
         <input_file_ref idref="fl-13"/>
      </object_component>
      <object_component id="oc-e3">
         <name>.text</name>
         <load_address>0x24c0b</load_address>
         <run_address>0x24c0b</run_address>
         <size>0x6b</size>
         <input_file_ref idref="fl-37"/>
      </object_component>
      <object_component id="oc-fd">
         <name>.text</name>
         <load_address>0x24c76</load_address>
         <run_address>0x24c76</run_address>
         <size>0x68</size>
         <input_file_ref idref="fl-3d"/>
      </object_component>
      <object_component id="oc-9a">
         <name>.text</name>
         <load_address>0x24cde</load_address>
         <run_address>0x24cde</run_address>
         <size>0x67</size>
         <input_file_ref idref="fl-26"/>
      </object_component>
      <object_component id="oc-80">
         <name>.text</name>
         <load_address>0x24d45</load_address>
         <run_address>0x24d45</run_address>
         <size>0x59</size>
         <input_file_ref idref="fl-1f"/>
      </object_component>
      <object_component id="oc-ca">
         <name>.text</name>
         <load_address>0x24d9e</load_address>
         <run_address>0x24d9e</run_address>
         <size>0x56</size>
         <input_file_ref idref="fl-31"/>
      </object_component>
      <object_component id="oc-23">
         <name>.text</name>
         <load_address>0x24df4</load_address>
         <run_address>0x24df4</run_address>
         <size>0x54</size>
         <input_file_ref idref="fl-5"/>
      </object_component>
      <object_component id="oc-68">
         <name>.text</name>
         <load_address>0x24e48</load_address>
         <run_address>0x24e48</run_address>
         <size>0x4e</size>
         <input_file_ref idref="fl-1a"/>
      </object_component>
      <object_component id="oc-84">
         <name>.text</name>
         <load_address>0x24e96</load_address>
         <run_address>0x24e96</run_address>
         <size>0x4d</size>
         <input_file_ref idref="fl-20"/>
      </object_component>
      <object_component id="oc-d2">
         <name>.text</name>
         <load_address>0x24ee3</load_address>
         <run_address>0x24ee3</run_address>
         <size>0x4b</size>
         <input_file_ref idref="fl-33"/>
      </object_component>
      <object_component id="oc-7c">
         <name>.text</name>
         <load_address>0x24f2e</load_address>
         <run_address>0x24f2e</run_address>
         <size>0x49</size>
         <input_file_ref idref="fl-1e"/>
      </object_component>
      <object_component id="oc-f5">
         <name>.text</name>
         <load_address>0x24f77</load_address>
         <run_address>0x24f77</run_address>
         <size>0x48</size>
         <input_file_ref idref="fl-3b"/>
      </object_component>
      <object_component id="oc-55">
         <name>.text</name>
         <load_address>0x24fbf</load_address>
         <run_address>0x24fbf</run_address>
         <size>0x3e</size>
         <input_file_ref idref="fl-16"/>
      </object_component>
      <object_component id="oc-10">
         <name>.text</name>
         <load_address>0x24ffd</load_address>
         <run_address>0x24ffd</run_address>
         <size>0x34</size>
         <input_file_ref idref="fl-15"/>
      </object_component>
      <object_component id="oc-12">
         <name>.text</name>
         <load_address>0x25031</load_address>
         <run_address>0x25031</run_address>
         <size>0x2d</size>
         <input_file_ref idref="fl-2"/>
      </object_component>
      <object_component id="oc-5c">
         <name>.text</name>
         <load_address>0x2505e</load_address>
         <run_address>0x2505e</run_address>
         <size>0x2a</size>
         <input_file_ref idref="fl-17"/>
      </object_component>
      <object_component id="oc-e9">
         <name>.text</name>
         <load_address>0x25088</load_address>
         <run_address>0x25088</run_address>
         <size>0x2a</size>
         <input_file_ref idref="fl-38"/>
      </object_component>
      <object_component id="oc-c6">
         <name>.text</name>
         <load_address>0x250b2</load_address>
         <run_address>0x250b2</run_address>
         <size>0x22</size>
         <input_file_ref idref="fl-30"/>
      </object_component>
      <object_component id="oc-28">
         <name>.text</name>
         <load_address>0x250d4</load_address>
         <run_address>0x250d4</run_address>
         <size>0x1c</size>
         <input_file_ref idref="fl-6"/>
      </object_component>
      <object_component id="oc-b0">
         <name>.text</name>
         <load_address>0x250f0</load_address>
         <run_address>0x250f0</run_address>
         <size>0x1a</size>
         <input_file_ref idref="fl-2b"/>
      </object_component>
      <object_component id="oc-da">
         <name>.text</name>
         <load_address>0x2510a</load_address>
         <run_address>0x2510a</run_address>
         <size>0x14</size>
         <input_file_ref idref="fl-35"/>
      </object_component>
      <object_component id="oc-b8">
         <name>.text</name>
         <load_address>0x2511e</load_address>
         <run_address>0x2511e</run_address>
         <size>0x13</size>
         <input_file_ref idref="fl-2d"/>
      </object_component>
      <object_component id="oc-70">
         <name>.text</name>
         <load_address>0x25131</load_address>
         <run_address>0x25131</run_address>
         <size>0x12</size>
         <input_file_ref idref="fl-1c"/>
      </object_component>
      <object_component id="oc-ce">
         <name>.text</name>
         <load_address>0x25143</load_address>
         <run_address>0x25143</run_address>
         <size>0x10</size>
         <input_file_ref idref="fl-32"/>
      </object_component>
      <object_component id="oc-116">
         <name>.text</name>
         <load_address>0x25153</load_address>
         <run_address>0x25153</run_address>
         <size>0xa</size>
         <input_file_ref idref="fl-42"/>
      </object_component>
      <object_component id="oc-59">
         <name>.text:CIO_breakpoint</name>
         <load_address>0x2515d</load_address>
         <run_address>0x2515d</run_address>
         <size>0x7</size>
         <input_file_ref idref="fl-16"/>
      </object_component>
      <object_component id="oc-6c">
         <name>.text</name>
         <load_address>0x25164</load_address>
         <run_address>0x25164</run_address>
         <size>0x2</size>
         <input_file_ref idref="fl-1b"/>
      </object_component>
      <object_component id="oc-51">
         <name>.stack</name>
         <uninitialized>true</uninitialized>
         <run_address>0xc0</run_address>
         <size>0x0</size>
         <input_file_ref idref="fl-15"/>
      </object_component>
      <object_component id="oc-135">
         <name>.stack</name>
         <uninitialized>true</uninitialized>
         <run_address>0xc0</run_address>
         <size>0x0</size>
      </object_component>
      <object_component id="oc-11a">
         <name>.sysstack</name>
         <uninitialized>true</uninitialized>
         <run_address>0x20c0</run_address>
         <size>0x0</size>
         <input_file_ref idref="fl-15"/>
      </object_component>
      <object_component id="oc-137">
         <name>.sysstack</name>
         <uninitialized>true</uninitialized>
         <run_address>0x20c0</run_address>
         <size>0x0</size>
      </object_component>
      <object_component id="oc-8e">
         <name>.bss</name>
         <uninitialized>true</uninitialized>
         <run_address>0x5e78</run_address>
         <size>0x232</size>
         <input_file_ref idref="fl-23"/>
      </object_component>
      <object_component id="oc-df">
         <name>.bss</name>
         <uninitialized>true</uninitialized>
         <run_address>0x60aa</run_address>
         <size>0x1a0</size>
         <input_file_ref idref="fl-36"/>
      </object_component>
      <object_component id="oc-106">
         <name>.bss</name>
         <uninitialized>true</uninitialized>
         <run_address>0x624a</run_address>
         <size>0x2</size>
         <input_file_ref idref="fl-3f"/>
      </object_component>
      <object_component id="oc-bd">
         <name>.bss</name>
         <uninitialized>true</uninitialized>
         <run_address>0x624c</run_address>
         <size>0xe2</size>
         <input_file_ref idref="fl-2e"/>
      </object_component>
      <object_component id="oc-18">
         <name>.bss</name>
         <uninitialized>true</uninitialized>
         <run_address>0x632e</run_address>
         <size>0x2</size>
         <input_file_ref idref="fl-3"/>
      </object_component>
      <object_component id="oc-41">
         <name>.bss</name>
         <uninitialized>true</uninitialized>
         <run_address>0x6330</run_address>
         <size>0x6c</size>
         <input_file_ref idref="fl-a"/>
      </object_component>
      <object_component id="oc-10c">
         <name>.bss</name>
         <uninitialized>true</uninitialized>
         <run_address>0x639c</run_address>
         <size>0xe</size>
         <input_file_ref idref="fl-40"/>
      </object_component>
      <object_component id="oc-71">
         <name>.bss</name>
         <uninitialized>true</uninitialized>
         <run_address>0x63ac</run_address>
         <size>0x8</size>
         <input_file_ref idref="fl-1c"/>
      </object_component>
      <object_component id="oc-56">
         <name>.bss</name>
         <uninitialized>true</uninitialized>
         <run_address>0x63b4</run_address>
         <size>0x8</size>
         <input_file_ref idref="fl-16"/>
      </object_component>
      <object_component id="oc-3b">
         <name>.bss</name>
         <uninitialized>true</uninitialized>
         <run_address>0x63bc</run_address>
         <size>0x4</size>
         <input_file_ref idref="fl-9"/>
      </object_component>
      <object_component id="oc-44">
         <name>.const:.string</name>
         <load_address>0x50c0</load_address>
         <run_address>0x50c0</run_address>
         <size>0x46c</size>
         <input_file_ref idref="fl-a"/>
      </object_component>
      <object_component id="oc-11b">
         <name>.const:_coeffs</name>
         <load_address>0x552c</load_address>
         <run_address>0x552c</run_address>
         <size>0x3c8</size>
         <input_file_ref idref="fl-7"/>
      </object_component>
      <object_component id="oc-36">
         <name>.const:.string</name>
         <load_address>0x58f4</load_address>
         <run_address>0x58f4</run_address>
         <size>0x2e8</size>
         <input_file_ref idref="fl-8"/>
      </object_component>
      <object_component id="oc-11c">
         <name>.const:__ctypes_</name>
         <load_address>0x5bdc</load_address>
         <run_address>0x5bdc</run_address>
         <size>0x202</size>
         <input_file_ref idref="fl-22"/>
      </object_component>
      <object_component id="oc-79">
         <name>.const:.string</name>
         <load_address>0x5de0</load_address>
         <run_address>0x5de0</run_address>
         <size>0x48</size>
         <input_file_ref idref="fl-1d"/>
      </object_component>
      <object_component id="oc-78">
         <name>.const</name>
         <load_address>0x5e28</load_address>
         <run_address>0x5e28</run_address>
         <size>0x18</size>
         <input_file_ref idref="fl-1d"/>
      </object_component>
      <object_component id="oc-30">
         <name>.const:.string</name>
         <load_address>0x5e40</load_address>
         <run_address>0x5e40</run_address>
         <size>0x16</size>
         <input_file_ref idref="fl-7"/>
      </object_component>
      <object_component id="oc-11d">
         <name>.const:_initial_approx$1</name>
         <load_address>0x5e56</load_address>
         <run_address>0x5e56</run_address>
         <size>0x10</size>
         <input_file_ref idref="fl-24"/>
      </object_component>
      <object_component id="oc-2f">
         <name>.const</name>
         <load_address>0x5e68</load_address>
         <run_address>0x5e68</run_address>
         <size>0x8</size>
         <input_file_ref idref="fl-7"/>
      </object_component>
      <object_component id="oc-a5">
         <name>.const:.string</name>
         <load_address>0x5e70</load_address>
         <run_address>0x5e70</run_address>
         <size>0x4</size>
         <input_file_ref idref="fl-28"/>
      </object_component>
      <object_component id="oc-9c">
         <name>.const</name>
         <load_address>0x5e74</load_address>
         <run_address>0x5e74</run_address>
         <size>0x4</size>
         <input_file_ref idref="fl-26"/>
      </object_component>
      <object_component id="oc-10f">
         <name>.sysmem</name>
         <uninitialized>true</uninitialized>
         <run_address>0x30c0</run_address>
         <size>0x0</size>
         <input_file_ref idref="fl-40"/>
      </object_component>
      <object_component id="oc-136">
         <name>.sysmem</name>
         <uninitialized>true</uninitialized>
         <run_address>0x30c0</run_address>
         <size>0x0</size>
      </object_component>
      <object_component id="oc-43">
         <name>.cinit</name>
         <load_address>0x40240</load_address>
         <run_address>0x40240</run_address>
         <size>0x8c</size>
         <input_file_ref idref="fl-a"/>
      </object_component>
      <object_component id="oc-bf">
         <name>.cinit</name>
         <load_address>0x402cc</load_address>
         <run_address>0x402cc</run_address>
         <size>0x5a</size>
         <input_file_ref idref="fl-2e"/>
      </object_component>
      <object_component id="oc-90">
         <name>.cinit</name>
         <load_address>0x40326</load_address>
         <run_address>0x40326</run_address>
         <size>0x54</size>
         <input_file_ref idref="fl-23"/>
      </object_component>
      <object_component id="oc-73">
         <name>.cinit</name>
         <load_address>0x4037a</load_address>
         <run_address>0x4037a</run_address>
         <size>0x14</size>
         <input_file_ref idref="fl-1c"/>
      </object_component>
      <object_component id="oc-58">
         <name>.cinit</name>
         <load_address>0x4038e</load_address>
         <run_address>0x4038e</run_address>
         <size>0x14</size>
         <input_file_ref idref="fl-16"/>
      </object_component>
      <object_component id="oc-108">
         <name>.cinit</name>
         <load_address>0x403a2</load_address>
         <run_address>0x403a2</run_address>
         <size>0x8</size>
         <input_file_ref idref="fl-3f"/>
      </object_component>
      <object_component id="oc-10e">
         <name>.cinit</name>
         <load_address>0x403aa</load_address>
         <run_address>0x403aa</run_address>
         <size>0x8</size>
         <input_file_ref idref="fl-40"/>
      </object_component>
      <object_component id="oc-1a">
         <name>.cinit</name>
         <load_address>0x403b2</load_address>
         <run_address>0x403b2</run_address>
         <size>0x8</size>
         <input_file_ref idref="fl-3"/>
      </object_component>
      <object_component id="oc-e5">
         <name>.cio</name>
         <uninitialized>true</uninitialized>
         <run_address>0x40000</run_address>
         <size>0x240</size>
         <input_file_ref idref="fl-37"/>
      </object_component>
      <object_component id="oc-11">
         <name>vectors</name>
         <load_address>0x4fe00</load_address>
         <run_address>0x4fe00</run_address>
         <size>0x100</size>
         <input_file_ref idref="fl-1b"/>
      </object_component>
      <object_component id="oc-13">
         <name>.debug_info</name>
         <load_address>0x0</load_address>
         <run_address>0x0</run_address>
         <size>0x63a</size>
         <input_file_ref idref="fl-2"/>
      </object_component>
      <object_component id="oc-19">
         <name>.debug_info</name>
         <load_address>0x63a</load_address>
         <run_address>0x63a</run_address>
         <size>0xaff</size>
         <input_file_ref idref="fl-3"/>
      </object_component>
      <object_component id="oc-1f">
         <name>.debug_info</name>
         <load_address>0x1139</load_address>
         <run_address>0x1139</run_address>
         <size>0x806</size>
         <input_file_ref idref="fl-4"/>
      </object_component>
      <object_component id="oc-24">
         <name>.debug_info</name>
         <load_address>0x193f</load_address>
         <run_address>0x193f</run_address>
         <size>0x675</size>
         <input_file_ref idref="fl-5"/>
      </object_component>
      <object_component id="oc-29">
         <name>.debug_info</name>
         <load_address>0x1fb4</load_address>
         <run_address>0x1fb4</run_address>
         <size>0x576</size>
         <input_file_ref idref="fl-6"/>
      </object_component>
      <object_component id="oc-2e">
         <name>.debug_info</name>
         <load_address>0x252a</load_address>
         <run_address>0x252a</run_address>
         <size>0x800</size>
         <input_file_ref idref="fl-7"/>
      </object_component>
      <object_component id="oc-35">
         <name>.debug_info</name>
         <load_address>0x2d2a</load_address>
         <run_address>0x2d2a</run_address>
         <size>0xe69</size>
         <input_file_ref idref="fl-8"/>
      </object_component>
      <object_component id="oc-3c">
         <name>.debug_info</name>
         <load_address>0x3b93</load_address>
         <run_address>0x3b93</run_address>
         <size>0xc84</size>
         <input_file_ref idref="fl-9"/>
      </object_component>
      <object_component id="oc-42">
         <name>.debug_info</name>
         <load_address>0x4817</load_address>
         <run_address>0x4817</run_address>
         <size>0x1184</size>
         <input_file_ref idref="fl-a"/>
      </object_component>
      <object_component id="oc-49">
         <name>.debug_info</name>
         <load_address>0x599b</load_address>
         <run_address>0x599b</run_address>
         <size>0xe3</size>
         <input_file_ref idref="fl-13"/>
      </object_component>
      <object_component id="oc-4d">
         <name>.debug_info</name>
         <load_address>0x5a7e</load_address>
         <run_address>0x5a7e</run_address>
         <size>0x5ff3</size>
         <input_file_ref idref="fl-14"/>
      </object_component>
      <object_component id="oc-52">
         <name>.debug_info</name>
         <load_address>0xba71</load_address>
         <run_address>0xba71</run_address>
         <size>0xe8</size>
         <input_file_ref idref="fl-15"/>
      </object_component>
      <object_component id="oc-57">
         <name>.debug_info</name>
         <load_address>0xbb59</load_address>
         <run_address>0xbb59</run_address>
         <size>0x5fb</size>
         <input_file_ref idref="fl-16"/>
      </object_component>
      <object_component id="oc-5d">
         <name>.debug_info</name>
         <load_address>0xc154</load_address>
         <run_address>0xc154</run_address>
         <size>0x4cf</size>
         <input_file_ref idref="fl-17"/>
      </object_component>
      <object_component id="oc-61">
         <name>.debug_info</name>
         <load_address>0xc623</load_address>
         <run_address>0xc623</run_address>
         <size>0x534</size>
         <input_file_ref idref="fl-18"/>
      </object_component>
      <object_component id="oc-65">
         <name>.debug_info</name>
         <load_address>0xcb57</load_address>
         <run_address>0xcb57</run_address>
         <size>0x55b</size>
         <input_file_ref idref="fl-19"/>
      </object_component>
      <object_component id="oc-69">
         <name>.debug_info</name>
         <load_address>0xd0b2</load_address>
         <run_address>0xd0b2</run_address>
         <size>0x76c</size>
         <input_file_ref idref="fl-1a"/>
      </object_component>
      <object_component id="oc-6d">
         <name>.debug_info</name>
         <load_address>0xd81e</load_address>
         <run_address>0xd81e</run_address>
         <size>0xbc</size>
         <input_file_ref idref="fl-1b"/>
      </object_component>
      <object_component id="oc-72">
         <name>.debug_info</name>
         <load_address>0xd8da</load_address>
         <run_address>0xd8da</run_address>
         <size>0x5bc</size>
         <input_file_ref idref="fl-1c"/>
      </object_component>
      <object_component id="oc-77">
         <name>.debug_info</name>
         <load_address>0xde96</load_address>
         <run_address>0xde96</run_address>
         <size>0x27bd</size>
         <input_file_ref idref="fl-1d"/>
      </object_component>
      <object_component id="oc-7d">
         <name>.debug_info</name>
         <load_address>0x10653</load_address>
         <run_address>0x10653</run_address>
         <size>0x586</size>
         <input_file_ref idref="fl-1e"/>
      </object_component>
      <object_component id="oc-81">
         <name>.debug_info</name>
         <load_address>0x10bd9</load_address>
         <run_address>0x10bd9</run_address>
         <size>0x5a4</size>
         <input_file_ref idref="fl-1f"/>
      </object_component>
      <object_component id="oc-85">
         <name>.debug_info</name>
         <load_address>0x1117d</load_address>
         <run_address>0x1117d</run_address>
         <size>0xcd</size>
         <input_file_ref idref="fl-20"/>
      </object_component>
      <object_component id="oc-89">
         <name>.debug_info</name>
         <load_address>0x1124a</load_address>
         <run_address>0x1124a</run_address>
         <size>0x81f</size>
         <input_file_ref idref="fl-21"/>
      </object_component>
      <object_component id="oc-8c">
         <name>.debug_info</name>
         <load_address>0x11a69</load_address>
         <run_address>0x11a69</run_address>
         <size>0x498</size>
         <input_file_ref idref="fl-22"/>
      </object_component>
      <object_component id="oc-8f">
         <name>.debug_info</name>
         <load_address>0x11f01</load_address>
         <run_address>0x11f01</run_address>
         <size>0x57e</size>
         <input_file_ref idref="fl-23"/>
      </object_component>
      <object_component id="oc-93">
         <name>.debug_info</name>
         <load_address>0x1247f</load_address>
         <run_address>0x1247f</run_address>
         <size>0x7e8</size>
         <input_file_ref idref="fl-24"/>
      </object_component>
      <object_component id="oc-97">
         <name>.debug_info</name>
         <load_address>0x12c67</load_address>
         <run_address>0x12c67</run_address>
         <size>0x534</size>
         <input_file_ref idref="fl-25"/>
      </object_component>
      <object_component id="oc-9b">
         <name>.debug_info</name>
         <load_address>0x1319b</load_address>
         <run_address>0x1319b</run_address>
         <size>0x549</size>
         <input_file_ref idref="fl-26"/>
      </object_component>
      <object_component id="oc-a0">
         <name>.debug_info</name>
         <load_address>0x136e4</load_address>
         <run_address>0x136e4</run_address>
         <size>0x6aa</size>
         <input_file_ref idref="fl-27"/>
      </object_component>
      <object_component id="oc-a4">
         <name>.debug_info</name>
         <load_address>0x13d8e</load_address>
         <run_address>0x13d8e</run_address>
         <size>0x942</size>
         <input_file_ref idref="fl-28"/>
      </object_component>
      <object_component id="oc-a9">
         <name>.debug_info</name>
         <load_address>0x146d0</load_address>
         <run_address>0x146d0</run_address>
         <size>0x4d2</size>
         <input_file_ref idref="fl-29"/>
      </object_component>
      <object_component id="oc-ad">
         <name>.debug_info</name>
         <load_address>0x14ba2</load_address>
         <run_address>0x14ba2</run_address>
         <size>0x53e</size>
         <input_file_ref idref="fl-2a"/>
      </object_component>
      <object_component id="oc-b1">
         <name>.debug_info</name>
         <load_address>0x150e0</load_address>
         <run_address>0x150e0</run_address>
         <size>0x680</size>
         <input_file_ref idref="fl-2b"/>
      </object_component>
      <object_component id="oc-b5">
         <name>.debug_info</name>
         <load_address>0x15760</load_address>
         <run_address>0x15760</run_address>
         <size>0x7d4</size>
         <input_file_ref idref="fl-2c"/>
      </object_component>
      <object_component id="oc-b9">
         <name>.debug_info</name>
         <load_address>0x15f34</load_address>
         <run_address>0x15f34</run_address>
         <size>0xbd</size>
         <input_file_ref idref="fl-2d"/>
      </object_component>
      <object_component id="oc-be">
         <name>.debug_info</name>
         <load_address>0x15ff1</load_address>
         <run_address>0x15ff1</run_address>
         <size>0x144b</size>
         <input_file_ref idref="fl-2e"/>
      </object_component>
      <object_component id="oc-c3">
         <name>.debug_info</name>
         <load_address>0x1743c</load_address>
         <run_address>0x1743c</run_address>
         <size>0x5ad</size>
         <input_file_ref idref="fl-2f"/>
      </object_component>
      <object_component id="oc-c7">
         <name>.debug_info</name>
         <load_address>0x179e9</load_address>
         <run_address>0x179e9</run_address>
         <size>0x574</size>
         <input_file_ref idref="fl-30"/>
      </object_component>
      <object_component id="oc-cb">
         <name>.debug_info</name>
         <load_address>0x17f5d</load_address>
         <run_address>0x17f5d</run_address>
         <size>0xd1</size>
         <input_file_ref idref="fl-31"/>
      </object_component>
      <object_component id="oc-cf">
         <name>.debug_info</name>
         <load_address>0x1802e</load_address>
         <run_address>0x1802e</run_address>
         <size>0x4b7</size>
         <input_file_ref idref="fl-32"/>
      </object_component>
      <object_component id="oc-d3">
         <name>.debug_info</name>
         <load_address>0x184e5</load_address>
         <run_address>0x184e5</run_address>
         <size>0x4f2</size>
         <input_file_ref idref="fl-33"/>
      </object_component>
      <object_component id="oc-d7">
         <name>.debug_info</name>
         <load_address>0x189d7</load_address>
         <run_address>0x189d7</run_address>
         <size>0x534</size>
         <input_file_ref idref="fl-34"/>
      </object_component>
      <object_component id="oc-db">
         <name>.debug_info</name>
         <load_address>0x18f0b</load_address>
         <run_address>0x18f0b</run_address>
         <size>0x4de</size>
         <input_file_ref idref="fl-35"/>
      </object_component>
      <object_component id="oc-e0">
         <name>.debug_info</name>
         <load_address>0x193e9</load_address>
         <run_address>0x193e9</run_address>
         <size>0xed4</size>
         <input_file_ref idref="fl-36"/>
      </object_component>
      <object_component id="oc-e4">
         <name>.debug_info</name>
         <load_address>0x1a2bd</load_address>
         <run_address>0x1a2bd</run_address>
         <size>0x744</size>
         <input_file_ref idref="fl-37"/>
      </object_component>
      <object_component id="oc-ea">
         <name>.debug_info</name>
         <load_address>0x1aa01</load_address>
         <run_address>0x1aa01</run_address>
         <size>0xef</size>
         <input_file_ref idref="fl-38"/>
      </object_component>
      <object_component id="oc-ee">
         <name>.debug_info</name>
         <load_address>0x1aaf0</load_address>
         <run_address>0x1aaf0</run_address>
         <size>0x662</size>
         <input_file_ref idref="fl-39"/>
      </object_component>
      <object_component id="oc-f2">
         <name>.debug_info</name>
         <load_address>0x1b152</load_address>
         <run_address>0x1b152</run_address>
         <size>0x5ab</size>
         <input_file_ref idref="fl-3a"/>
      </object_component>
      <object_component id="oc-f6">
         <name>.debug_info</name>
         <load_address>0x1b6fd</load_address>
         <run_address>0x1b6fd</run_address>
         <size>0x4f2</size>
         <input_file_ref idref="fl-3b"/>
      </object_component>
      <object_component id="oc-fa">
         <name>.debug_info</name>
         <load_address>0x1bbef</load_address>
         <run_address>0x1bbef</run_address>
         <size>0x706</size>
         <input_file_ref idref="fl-3c"/>
      </object_component>
      <object_component id="oc-fe">
         <name>.debug_info</name>
         <load_address>0x1c2f5</load_address>
         <run_address>0x1c2f5</run_address>
         <size>0x5f7</size>
         <input_file_ref idref="fl-3d"/>
      </object_component>
      <object_component id="oc-102">
         <name>.debug_info</name>
         <load_address>0x1c8ec</load_address>
         <run_address>0x1c8ec</run_address>
         <size>0x64a</size>
         <input_file_ref idref="fl-3e"/>
      </object_component>
      <object_component id="oc-107">
         <name>.debug_info</name>
         <load_address>0x1cf36</load_address>
         <run_address>0x1cf36</run_address>
         <size>0xa1c</size>
         <input_file_ref idref="fl-3f"/>
      </object_component>
      <object_component id="oc-10d">
         <name>.debug_info</name>
         <load_address>0x1d952</load_address>
         <run_address>0x1d952</run_address>
         <size>0xba5</size>
         <input_file_ref idref="fl-40"/>
      </object_component>
      <object_component id="oc-113">
         <name>.debug_info</name>
         <load_address>0x1e4f7</load_address>
         <run_address>0x1e4f7</run_address>
         <size>0x64f</size>
         <input_file_ref idref="fl-41"/>
      </object_component>
      <object_component id="oc-117">
         <name>.debug_info</name>
         <load_address>0x1eb46</load_address>
         <run_address>0x1eb46</run_address>
         <size>0x510</size>
         <input_file_ref idref="fl-42"/>
      </object_component>
      <object_component id="oc-13f">
         <name>.debug_info</name>
         <load_address>0x1f056</load_address>
         <run_address>0x1f056</run_address>
         <size>0x6e</size>
      </object_component>
      <object_component id="oc-14">
         <name>.debug_frame</name>
         <load_address>0x0</load_address>
         <run_address>0x0</run_address>
         <size>0x11c</size>
         <input_file_ref idref="fl-2"/>
      </object_component>
      <object_component id="oc-1b">
         <name>.debug_frame</name>
         <load_address>0x11c</load_address>
         <run_address>0x11c</run_address>
         <size>0x14a</size>
         <input_file_ref idref="fl-3"/>
      </object_component>
      <object_component id="oc-20">
         <name>.debug_frame</name>
         <load_address>0x266</load_address>
         <run_address>0x266</run_address>
         <size>0x135</size>
         <input_file_ref idref="fl-4"/>
      </object_component>
      <object_component id="oc-25">
         <name>.debug_frame</name>
         <load_address>0x39b</load_address>
         <run_address>0x39b</run_address>
         <size>0x116</size>
         <input_file_ref idref="fl-5"/>
      </object_component>
      <object_component id="oc-2a">
         <name>.debug_frame</name>
         <load_address>0x4b1</load_address>
         <run_address>0x4b1</run_address>
         <size>0xe4</size>
         <input_file_ref idref="fl-6"/>
      </object_component>
      <object_component id="oc-31">
         <name>.debug_frame</name>
         <load_address>0x595</load_address>
         <run_address>0x595</run_address>
         <size>0x10c</size>
         <input_file_ref idref="fl-7"/>
      </object_component>
      <object_component id="oc-37">
         <name>.debug_frame</name>
         <load_address>0x6a1</load_address>
         <run_address>0x6a1</run_address>
         <size>0x103</size>
         <input_file_ref idref="fl-8"/>
      </object_component>
      <object_component id="oc-3d">
         <name>.debug_frame</name>
         <load_address>0x7a4</load_address>
         <run_address>0x7a4</run_address>
         <size>0x172</size>
         <input_file_ref idref="fl-9"/>
      </object_component>
      <object_component id="oc-45">
         <name>.debug_frame</name>
         <load_address>0x916</load_address>
         <run_address>0x916</run_address>
         <size>0x103</size>
         <input_file_ref idref="fl-a"/>
      </object_component>
      <object_component id="oc-4e">
         <name>.debug_frame</name>
         <load_address>0xa19</load_address>
         <run_address>0xa19</run_address>
         <size>0x175</size>
         <input_file_ref idref="fl-14"/>
      </object_component>
      <object_component id="oc-15">
         <name>.debug_line</name>
         <load_address>0x0</load_address>
         <run_address>0x0</run_address>
         <size>0x8c</size>
         <input_file_ref idref="fl-2"/>
      </object_component>
      <object_component id="oc-1c">
         <name>.debug_line</name>
         <load_address>0x8c</load_address>
         <run_address>0x8c</run_address>
         <size>0x118</size>
         <input_file_ref idref="fl-3"/>
      </object_component>
      <object_component id="oc-21">
         <name>.debug_line</name>
         <load_address>0x1a4</load_address>
         <run_address>0x1a4</run_address>
         <size>0xdd</size>
         <input_file_ref idref="fl-4"/>
      </object_component>
      <object_component id="oc-26">
         <name>.debug_line</name>
         <load_address>0x281</load_address>
         <run_address>0x281</run_address>
         <size>0x83</size>
         <input_file_ref idref="fl-5"/>
      </object_component>
      <object_component id="oc-2b">
         <name>.debug_line</name>
         <load_address>0x304</load_address>
         <run_address>0x304</run_address>
         <size>0x44</size>
         <input_file_ref idref="fl-6"/>
      </object_component>
      <object_component id="oc-32">
         <name>.debug_line</name>
         <load_address>0x348</load_address>
         <run_address>0x348</run_address>
         <size>0x98</size>
         <input_file_ref idref="fl-7"/>
      </object_component>
      <object_component id="oc-38">
         <name>.debug_line</name>
         <load_address>0x3e0</load_address>
         <run_address>0x3e0</run_address>
         <size>0x20e</size>
         <input_file_ref idref="fl-8"/>
      </object_component>
      <object_component id="oc-3e">
         <name>.debug_line</name>
         <load_address>0x5ee</load_address>
         <run_address>0x5ee</run_address>
         <size>0xfe</size>
         <input_file_ref idref="fl-9"/>
      </object_component>
      <object_component id="oc-46">
         <name>.debug_line</name>
         <load_address>0x6ec</load_address>
         <run_address>0x6ec</run_address>
         <size>0x10e</size>
         <input_file_ref idref="fl-a"/>
      </object_component>
      <object_component id="oc-4a">
         <name>.debug_line</name>
         <load_address>0x7fa</load_address>
         <run_address>0x7fa</run_address>
         <size>0x51</size>
         <input_file_ref idref="fl-13"/>
      </object_component>
      <object_component id="oc-4f">
         <name>.debug_line</name>
         <load_address>0x84b</load_address>
         <run_address>0x84b</run_address>
         <size>0x2dd</size>
         <input_file_ref idref="fl-14"/>
      </object_component>
      <object_component id="oc-53">
         <name>.debug_line</name>
         <load_address>0xb28</load_address>
         <run_address>0xb28</run_address>
         <size>0x54</size>
         <input_file_ref idref="fl-15"/>
      </object_component>
      <object_component id="oc-5a">
         <name>.debug_line</name>
         <load_address>0xb7c</load_address>
         <run_address>0xb7c</run_address>
         <size>0x51</size>
         <input_file_ref idref="fl-16"/>
      </object_component>
      <object_component id="oc-5e">
         <name>.debug_line</name>
         <load_address>0xbcd</load_address>
         <run_address>0xbcd</run_address>
         <size>0x3d</size>
         <input_file_ref idref="fl-17"/>
      </object_component>
      <object_component id="oc-62">
         <name>.debug_line</name>
         <load_address>0xc0a</load_address>
         <run_address>0xc0a</run_address>
         <size>0x3d</size>
         <input_file_ref idref="fl-18"/>
      </object_component>
      <object_component id="oc-66">
         <name>.debug_line</name>
         <load_address>0xc47</load_address>
         <run_address>0xc47</run_address>
         <size>0x3c</size>
         <input_file_ref idref="fl-19"/>
      </object_component>
      <object_component id="oc-6a">
         <name>.debug_line</name>
         <load_address>0xc83</load_address>
         <run_address>0xc83</run_address>
         <size>0x69</size>
         <input_file_ref idref="fl-1a"/>
      </object_component>
      <object_component id="oc-6e">
         <name>.debug_line</name>
         <load_address>0xcec</load_address>
         <run_address>0xcec</run_address>
         <size>0x37</size>
         <input_file_ref idref="fl-1b"/>
      </object_component>
      <object_component id="oc-74">
         <name>.debug_line</name>
         <load_address>0xd23</load_address>
         <run_address>0xd23</run_address>
         <size>0x57</size>
         <input_file_ref idref="fl-1c"/>
      </object_component>
      <object_component id="oc-7a">
         <name>.debug_line</name>
         <load_address>0xd7a</load_address>
         <run_address>0xd7a</run_address>
         <size>0x328</size>
         <input_file_ref idref="fl-1d"/>
      </object_component>
      <object_component id="oc-7e">
         <name>.debug_line</name>
         <load_address>0x10a2</load_address>
         <run_address>0x10a2</run_address>
         <size>0x41</size>
         <input_file_ref idref="fl-1e"/>
      </object_component>
      <object_component id="oc-82">
         <name>.debug_line</name>
         <load_address>0x10e3</load_address>
         <run_address>0x10e3</run_address>
         <size>0x46</size>
         <input_file_ref idref="fl-1f"/>
      </object_component>
      <object_component id="oc-86">
         <name>.debug_line</name>
         <load_address>0x1129</load_address>
         <run_address>0x1129</run_address>
         <size>0x55</size>
         <input_file_ref idref="fl-20"/>
      </object_component>
      <object_component id="oc-8a">
         <name>.debug_line</name>
         <load_address>0x117e</load_address>
         <run_address>0x117e</run_address>
         <size>0xad</size>
         <input_file_ref idref="fl-21"/>
      </object_component>
      <object_component id="oc-94">
         <name>.debug_line</name>
         <load_address>0x122b</load_address>
         <run_address>0x122b</run_address>
         <size>0x5b</size>
         <input_file_ref idref="fl-24"/>
      </object_component>
      <object_component id="oc-98">
         <name>.debug_line</name>
         <load_address>0x1286</load_address>
         <run_address>0x1286</run_address>
         <size>0x44</size>
         <input_file_ref idref="fl-25"/>
      </object_component>
      <object_component id="oc-9d">
         <name>.debug_line</name>
         <load_address>0x12ca</load_address>
         <run_address>0x12ca</run_address>
         <size>0x44</size>
         <input_file_ref idref="fl-26"/>
      </object_component>
      <object_component id="oc-a1">
         <name>.debug_line</name>
         <load_address>0x130e</load_address>
         <run_address>0x130e</run_address>
         <size>0x56</size>
         <input_file_ref idref="fl-27"/>
      </object_component>
      <object_component id="oc-a6">
         <name>.debug_line</name>
         <load_address>0x1364</load_address>
         <run_address>0x1364</run_address>
         <size>0xa6</size>
         <input_file_ref idref="fl-28"/>
      </object_component>
      <object_component id="oc-aa">
         <name>.debug_line</name>
         <load_address>0x140a</load_address>
         <run_address>0x140a</run_address>
         <size>0x3a</size>
         <input_file_ref idref="fl-29"/>
      </object_component>
      <object_component id="oc-ae">
         <name>.debug_line</name>
         <load_address>0x1444</load_address>
         <run_address>0x1444</run_address>
         <size>0x40</size>
         <input_file_ref idref="fl-2a"/>
      </object_component>
      <object_component id="oc-b2">
         <name>.debug_line</name>
         <load_address>0x1484</load_address>
         <run_address>0x1484</run_address>
         <size>0x38</size>
         <input_file_ref idref="fl-2b"/>
      </object_component>
      <object_component id="oc-b6">
         <name>.debug_line</name>
         <load_address>0x14bc</load_address>
         <run_address>0x14bc</run_address>
         <size>0xa8</size>
         <input_file_ref idref="fl-2c"/>
      </object_component>
      <object_component id="oc-ba">
         <name>.debug_line</name>
         <load_address>0x1564</load_address>
         <run_address>0x1564</run_address>
         <size>0x3c</size>
         <input_file_ref idref="fl-2d"/>
      </object_component>
      <object_component id="oc-c0">
         <name>.debug_line</name>
         <load_address>0x15a0</load_address>
         <run_address>0x15a0</run_address>
         <size>0x1b0</size>
         <input_file_ref idref="fl-2e"/>
      </object_component>
      <object_component id="oc-c4">
         <name>.debug_line</name>
         <load_address>0x1750</load_address>
         <run_address>0x1750</run_address>
         <size>0x40</size>
         <input_file_ref idref="fl-2f"/>
      </object_component>
      <object_component id="oc-c8">
         <name>.debug_line</name>
         <load_address>0x1790</load_address>
         <run_address>0x1790</run_address>
         <size>0x3a</size>
         <input_file_ref idref="fl-30"/>
      </object_component>
      <object_component id="oc-cc">
         <name>.debug_line</name>
         <load_address>0x17ca</load_address>
         <run_address>0x17ca</run_address>
         <size>0x54</size>
         <input_file_ref idref="fl-31"/>
      </object_component>
      <object_component id="oc-d0">
         <name>.debug_line</name>
         <load_address>0x181e</load_address>
         <run_address>0x181e</run_address>
         <size>0x37</size>
         <input_file_ref idref="fl-32"/>
      </object_component>
      <object_component id="oc-d4">
         <name>.debug_line</name>
         <load_address>0x1855</load_address>
         <run_address>0x1855</run_address>
         <size>0x3c</size>
         <input_file_ref idref="fl-33"/>
      </object_component>
      <object_component id="oc-d8">
         <name>.debug_line</name>
         <load_address>0x1891</load_address>
         <run_address>0x1891</run_address>
         <size>0x44</size>
         <input_file_ref idref="fl-34"/>
      </object_component>
      <object_component id="oc-dc">
         <name>.debug_line</name>
         <load_address>0x18d5</load_address>
         <run_address>0x18d5</run_address>
         <size>0x37</size>
         <input_file_ref idref="fl-35"/>
      </object_component>
      <object_component id="oc-e1">
         <name>.debug_line</name>
         <load_address>0x190c</load_address>
         <run_address>0x190c</run_address>
         <size>0x15e</size>
         <input_file_ref idref="fl-36"/>
      </object_component>
      <object_component id="oc-e7">
         <name>.debug_line</name>
         <load_address>0x1a6a</load_address>
         <run_address>0x1a6a</run_address>
         <size>0x6a</size>
         <input_file_ref idref="fl-37"/>
      </object_component>
      <object_component id="oc-eb">
         <name>.debug_line</name>
         <load_address>0x1ad4</load_address>
         <run_address>0x1ad4</run_address>
         <size>0x58</size>
         <input_file_ref idref="fl-38"/>
      </object_component>
      <object_component id="oc-ef">
         <name>.debug_line</name>
         <load_address>0x1b2c</load_address>
         <run_address>0x1b2c</run_address>
         <size>0x57</size>
         <input_file_ref idref="fl-39"/>
      </object_component>
      <object_component id="oc-f3">
         <name>.debug_line</name>
         <load_address>0x1b83</load_address>
         <run_address>0x1b83</run_address>
         <size>0x5c</size>
         <input_file_ref idref="fl-3a"/>
      </object_component>
      <object_component id="oc-f7">
         <name>.debug_line</name>
         <load_address>0x1bdf</load_address>
         <run_address>0x1bdf</run_address>
         <size>0x3c</size>
         <input_file_ref idref="fl-3b"/>
      </object_component>
      <object_component id="oc-fb">
         <name>.debug_line</name>
         <load_address>0x1c1b</load_address>
         <run_address>0x1c1b</run_address>
         <size>0x5b</size>
         <input_file_ref idref="fl-3c"/>
      </object_component>
      <object_component id="oc-ff">
         <name>.debug_line</name>
         <load_address>0x1c76</load_address>
         <run_address>0x1c76</run_address>
         <size>0x3c</size>
         <input_file_ref idref="fl-3d"/>
      </object_component>
      <object_component id="oc-103">
         <name>.debug_line</name>
         <load_address>0x1cb2</load_address>
         <run_address>0x1cb2</run_address>
         <size>0x40</size>
         <input_file_ref idref="fl-3e"/>
      </object_component>
      <object_component id="oc-109">
         <name>.debug_line</name>
         <load_address>0x1cf2</load_address>
         <run_address>0x1cf2</run_address>
         <size>0xd7</size>
         <input_file_ref idref="fl-3f"/>
      </object_component>
      <object_component id="oc-110">
         <name>.debug_line</name>
         <load_address>0x1dc9</load_address>
         <run_address>0x1dc9</run_address>
         <size>0x112</size>
         <input_file_ref idref="fl-40"/>
      </object_component>
      <object_component id="oc-114">
         <name>.debug_line</name>
         <load_address>0x1edb</load_address>
         <run_address>0x1edb</run_address>
         <size>0x3d</size>
         <input_file_ref idref="fl-41"/>
      </object_component>
      <object_component id="oc-118">
         <name>.debug_line</name>
         <load_address>0x1f18</load_address>
         <run_address>0x1f18</run_address>
         <size>0x39</size>
         <input_file_ref idref="fl-42"/>
      </object_component>
      <object_component id="oc-16">
         <name>.debug_abbrev</name>
         <load_address>0x0</load_address>
         <run_address>0x0</run_address>
         <size>0x95</size>
         <input_file_ref idref="fl-2"/>
      </object_component>
      <object_component id="oc-1d">
         <name>.debug_abbrev</name>
         <load_address>0x95</load_address>
         <run_address>0x95</run_address>
         <size>0xd0</size>
         <input_file_ref idref="fl-3"/>
      </object_component>
      <object_component id="oc-22">
         <name>.debug_abbrev</name>
         <load_address>0x165</load_address>
         <run_address>0x165</run_address>
         <size>0x87</size>
         <input_file_ref idref="fl-4"/>
      </object_component>
      <object_component id="oc-27">
         <name>.debug_abbrev</name>
         <load_address>0x1ec</load_address>
         <run_address>0x1ec</run_address>
         <size>0xe7</size>
         <input_file_ref idref="fl-5"/>
      </object_component>
      <object_component id="oc-2c">
         <name>.debug_abbrev</name>
         <load_address>0x2d3</load_address>
         <run_address>0x2d3</run_address>
         <size>0x87</size>
         <input_file_ref idref="fl-6"/>
      </object_component>
      <object_component id="oc-33">
         <name>.debug_abbrev</name>
         <load_address>0x35a</load_address>
         <run_address>0x35a</run_address>
         <size>0x144</size>
         <input_file_ref idref="fl-7"/>
      </object_component>
      <object_component id="oc-39">
         <name>.debug_abbrev</name>
         <load_address>0x49e</load_address>
         <run_address>0x49e</run_address>
         <size>0xfd</size>
         <input_file_ref idref="fl-8"/>
      </object_component>
      <object_component id="oc-3f">
         <name>.debug_abbrev</name>
         <load_address>0x59b</load_address>
         <run_address>0x59b</run_address>
         <size>0x147</size>
         <input_file_ref idref="fl-9"/>
      </object_component>
      <object_component id="oc-47">
         <name>.debug_abbrev</name>
         <load_address>0x6e2</load_address>
         <run_address>0x6e2</run_address>
         <size>0x14c</size>
         <input_file_ref idref="fl-a"/>
      </object_component>
      <object_component id="oc-4b">
         <name>.debug_abbrev</name>
         <load_address>0x82e</load_address>
         <run_address>0x82e</run_address>
         <size>0x2c</size>
         <input_file_ref idref="fl-13"/>
      </object_component>
      <object_component id="oc-50">
         <name>.debug_abbrev</name>
         <load_address>0x85a</load_address>
         <run_address>0x85a</run_address>
         <size>0x23e</size>
         <input_file_ref idref="fl-14"/>
      </object_component>
      <object_component id="oc-54">
         <name>.debug_abbrev</name>
         <load_address>0xa98</load_address>
         <run_address>0xa98</run_address>
         <size>0x3a</size>
         <input_file_ref idref="fl-15"/>
      </object_component>
      <object_component id="oc-5b">
         <name>.debug_abbrev</name>
         <load_address>0xad2</load_address>
         <run_address>0xad2</run_address>
         <size>0xf7</size>
         <input_file_ref idref="fl-16"/>
      </object_component>
      <object_component id="oc-5f">
         <name>.debug_abbrev</name>
         <load_address>0xbc9</load_address>
         <run_address>0xbc9</run_address>
         <size>0x8f</size>
         <input_file_ref idref="fl-17"/>
      </object_component>
      <object_component id="oc-63">
         <name>.debug_abbrev</name>
         <load_address>0xc58</load_address>
         <run_address>0xc58</run_address>
         <size>0xb7</size>
         <input_file_ref idref="fl-18"/>
      </object_component>
      <object_component id="oc-67">
         <name>.debug_abbrev</name>
         <load_address>0xd0f</load_address>
         <run_address>0xd0f</run_address>
         <size>0xdc</size>
         <input_file_ref idref="fl-19"/>
      </object_component>
      <object_component id="oc-6b">
         <name>.debug_abbrev</name>
         <load_address>0xdeb</load_address>
         <run_address>0xdeb</run_address>
         <size>0x145</size>
         <input_file_ref idref="fl-1a"/>
      </object_component>
      <object_component id="oc-6f">
         <name>.debug_abbrev</name>
         <load_address>0xf30</load_address>
         <run_address>0xf30</run_address>
         <size>0x26</size>
         <input_file_ref idref="fl-1b"/>
      </object_component>
      <object_component id="oc-75">
         <name>.debug_abbrev</name>
         <load_address>0xf56</load_address>
         <run_address>0xf56</run_address>
         <size>0x9f</size>
         <input_file_ref idref="fl-1c"/>
      </object_component>
      <object_component id="oc-7b">
         <name>.debug_abbrev</name>
         <load_address>0xff5</load_address>
         <run_address>0xff5</run_address>
         <size>0x1f8</size>
         <input_file_ref idref="fl-1d"/>
      </object_component>
      <object_component id="oc-7f">
         <name>.debug_abbrev</name>
         <load_address>0x11ed</load_address>
         <run_address>0x11ed</run_address>
         <size>0xec</size>
         <input_file_ref idref="fl-1e"/>
      </object_component>
      <object_component id="oc-83">
         <name>.debug_abbrev</name>
         <load_address>0x12d9</load_address>
         <run_address>0x12d9</run_address>
         <size>0xd5</size>
         <input_file_ref idref="fl-1f"/>
      </object_component>
      <object_component id="oc-87">
         <name>.debug_abbrev</name>
         <load_address>0x13ae</load_address>
         <run_address>0x13ae</run_address>
         <size>0x44</size>
         <input_file_ref idref="fl-20"/>
      </object_component>
      <object_component id="oc-8b">
         <name>.debug_abbrev</name>
         <load_address>0x13f2</load_address>
         <run_address>0x13f2</run_address>
         <size>0xb7</size>
         <input_file_ref idref="fl-21"/>
      </object_component>
      <object_component id="oc-8d">
         <name>.debug_abbrev</name>
         <load_address>0x14a9</load_address>
         <run_address>0x14a9</run_address>
         <size>0x68</size>
         <input_file_ref idref="fl-22"/>
      </object_component>
      <object_component id="oc-91">
         <name>.debug_abbrev</name>
         <load_address>0x1511</load_address>
         <run_address>0x1511</run_address>
         <size>0x83</size>
         <input_file_ref idref="fl-23"/>
      </object_component>
      <object_component id="oc-95">
         <name>.debug_abbrev</name>
         <load_address>0x1594</load_address>
         <run_address>0x1594</run_address>
         <size>0x112</size>
         <input_file_ref idref="fl-24"/>
      </object_component>
      <object_component id="oc-99">
         <name>.debug_abbrev</name>
         <load_address>0x16a6</load_address>
         <run_address>0x16a6</run_address>
         <size>0xb5</size>
         <input_file_ref idref="fl-25"/>
      </object_component>
      <object_component id="oc-9e">
         <name>.debug_abbrev</name>
         <load_address>0x175b</load_address>
         <run_address>0x175b</run_address>
         <size>0xc2</size>
         <input_file_ref idref="fl-26"/>
      </object_component>
      <object_component id="oc-a2">
         <name>.debug_abbrev</name>
         <load_address>0x181d</load_address>
         <run_address>0x181d</run_address>
         <size>0x103</size>
         <input_file_ref idref="fl-27"/>
      </object_component>
      <object_component id="oc-a7">
         <name>.debug_abbrev</name>
         <load_address>0x1920</load_address>
         <run_address>0x1920</run_address>
         <size>0x140</size>
         <input_file_ref idref="fl-28"/>
      </object_component>
      <object_component id="oc-ab">
         <name>.debug_abbrev</name>
         <load_address>0x1a60</load_address>
         <run_address>0x1a60</run_address>
         <size>0x81</size>
         <input_file_ref idref="fl-29"/>
      </object_component>
      <object_component id="oc-af">
         <name>.debug_abbrev</name>
         <load_address>0x1ae1</load_address>
         <run_address>0x1ae1</run_address>
         <size>0x9a</size>
         <input_file_ref idref="fl-2a"/>
      </object_component>
      <object_component id="oc-b3">
         <name>.debug_abbrev</name>
         <load_address>0x1b7b</load_address>
         <run_address>0x1b7b</run_address>
         <size>0xd0</size>
         <input_file_ref idref="fl-2b"/>
      </object_component>
      <object_component id="oc-b7">
         <name>.debug_abbrev</name>
         <load_address>0x1c4b</load_address>
         <run_address>0x1c4b</run_address>
         <size>0xb7</size>
         <input_file_ref idref="fl-2c"/>
      </object_component>
      <object_component id="oc-bb">
         <name>.debug_abbrev</name>
         <load_address>0x1d02</load_address>
         <run_address>0x1d02</run_address>
         <size>0x38</size>
         <input_file_ref idref="fl-2d"/>
      </object_component>
      <object_component id="oc-c1">
         <name>.debug_abbrev</name>
         <load_address>0x1d3a</load_address>
         <run_address>0x1d3a</run_address>
         <size>0x225</size>
         <input_file_ref idref="fl-2e"/>
      </object_component>
      <object_component id="oc-c5">
         <name>.debug_abbrev</name>
         <load_address>0x1f5f</load_address>
         <run_address>0x1f5f</run_address>
         <size>0xec</size>
         <input_file_ref idref="fl-2f"/>
      </object_component>
      <object_component id="oc-c9">
         <name>.debug_abbrev</name>
         <load_address>0x204b</load_address>
         <run_address>0x204b</run_address>
         <size>0xb7</size>
         <input_file_ref idref="fl-30"/>
      </object_component>
      <object_component id="oc-cd">
         <name>.debug_abbrev</name>
         <load_address>0x2102</load_address>
         <run_address>0x2102</run_address>
         <size>0x38</size>
         <input_file_ref idref="fl-31"/>
      </object_component>
      <object_component id="oc-d1">
         <name>.debug_abbrev</name>
         <load_address>0x213a</load_address>
         <run_address>0x213a</run_address>
         <size>0x81</size>
         <input_file_ref idref="fl-32"/>
      </object_component>
      <object_component id="oc-d5">
         <name>.debug_abbrev</name>
         <load_address>0x21bb</load_address>
         <run_address>0x21bb</run_address>
         <size>0xa6</size>
         <input_file_ref idref="fl-33"/>
      </object_component>
      <object_component id="oc-d9">
         <name>.debug_abbrev</name>
         <load_address>0x2261</load_address>
         <run_address>0x2261</run_address>
         <size>0xb5</size>
         <input_file_ref idref="fl-34"/>
      </object_component>
      <object_component id="oc-dd">
         <name>.debug_abbrev</name>
         <load_address>0x2316</load_address>
         <run_address>0x2316</run_address>
         <size>0x8f</size>
         <input_file_ref idref="fl-35"/>
      </object_component>
      <object_component id="oc-e2">
         <name>.debug_abbrev</name>
         <load_address>0x23a5</load_address>
         <run_address>0x23a5</run_address>
         <size>0x15a</size>
         <input_file_ref idref="fl-36"/>
      </object_component>
      <object_component id="oc-e8">
         <name>.debug_abbrev</name>
         <load_address>0x24ff</load_address>
         <run_address>0x24ff</run_address>
         <size>0xde</size>
         <input_file_ref idref="fl-37"/>
      </object_component>
      <object_component id="oc-ec">
         <name>.debug_abbrev</name>
         <load_address>0x25dd</load_address>
         <run_address>0x25dd</run_address>
         <size>0x38</size>
         <input_file_ref idref="fl-38"/>
      </object_component>
      <object_component id="oc-f0">
         <name>.debug_abbrev</name>
         <load_address>0x2615</load_address>
         <run_address>0x2615</run_address>
         <size>0xd1</size>
         <input_file_ref idref="fl-39"/>
      </object_component>
      <object_component id="oc-f4">
         <name>.debug_abbrev</name>
         <load_address>0x26e6</load_address>
         <run_address>0x26e6</run_address>
         <size>0xd4</size>
         <input_file_ref idref="fl-3a"/>
      </object_component>
      <object_component id="oc-f8">
         <name>.debug_abbrev</name>
         <load_address>0x27ba</load_address>
         <run_address>0x27ba</run_address>
         <size>0xa6</size>
         <input_file_ref idref="fl-3b"/>
      </object_component>
      <object_component id="oc-fc">
         <name>.debug_abbrev</name>
         <load_address>0x2860</load_address>
         <run_address>0x2860</run_address>
         <size>0x136</size>
         <input_file_ref idref="fl-3c"/>
      </object_component>
      <object_component id="oc-100">
         <name>.debug_abbrev</name>
         <load_address>0x2996</load_address>
         <run_address>0x2996</run_address>
         <size>0xd1</size>
         <input_file_ref idref="fl-3d"/>
      </object_component>
      <object_component id="oc-104">
         <name>.debug_abbrev</name>
         <load_address>0x2a67</load_address>
         <run_address>0x2a67</run_address>
         <size>0x10b</size>
         <input_file_ref idref="fl-3e"/>
      </object_component>
      <object_component id="oc-10a">
         <name>.debug_abbrev</name>
         <load_address>0x2b72</load_address>
         <run_address>0x2b72</run_address>
         <size>0x1a2</size>
         <input_file_ref idref="fl-3f"/>
[...]
         <object_component_ref idref="oc-3a"/>
      </symbol>
      <symbol id="sm-149">
         <name>_pllObj</name>
         <value>0x6330</value>
         <object_component_ref idref="oc-41"/>
      </symbol>
      <symbol id="sm-14a">
         <name>_pConfigInfo</name>
         <value>0x6398</value>
         <object_component_ref idref="oc-41"/>
      </symbol>
      <symbol id="sm-14b">
         <name>_pllCfg_75MHz</name>
         <value>0x6378</value>
         <object_component_ref idref="oc-41"/>
      </symbol>
      <symbol id="sm-14c">
         <name>_hPll</name>
         <value>0x6344</value>
         <object_component_ref idref="oc-41"/>
      </symbol>
      <symbol id="sm-14d">
         <name>_pllCfg_98MHz</name>
         <value>0x6380</value>
         <object_component_ref idref="oc-41"/>
      </symbol>
      <symbol id="sm-14e">
         <name>_pllCfg_100MHz</name>
         <value>0x6388</value>
         <object_component_ref idref="oc-41"/>
      </symbol>
      <symbol id="sm-14f">
         <name>_pllCfg_40MHz</name>
         <value>0x6368</value>
         <object_component_ref idref="oc-41"/>
      </symbol>
      <symbol id="sm-150">
         <name>_pllCfg_2MHz</name>
         <value>0x6350</value>
         <object_component_ref idref="oc-41"/>
      </symbol>
      <symbol id="sm-151">
         <name>_pllCfg1</name>
         <value>0x633c</value>
         <object_component_ref idref="oc-41"/>
      </symbol>
      <symbol id="sm-152">
         <name>_pll_frequency_setup</name>
         <value>0x22e1a</value>
         <object_component_ref idref="oc-40"/>
      </symbol>
      <symbol id="sm-153">
         <name>_pllCfg_120MHz</name>
         <value>0x6390</value>
         <object_component_ref idref="oc-41"/>
      </symbol>
      <symbol id="sm-154">
         <name>_pllCfg_12MHz</name>
         <value>0x6358</value>
         <object_component_ref idref="oc-41"/>
      </symbol>
      <symbol id="sm-155">
         <name>_pllCfg_1MHz</name>
         <value>0x6348</value>
         <object_component_ref idref="oc-41"/>
      </symbol>
      <symbol id="sm-156">
         <name>_pllCfg_60MHz</name>
         <value>0x6370</value>
         <object_component_ref idref="oc-41"/>
      </symbol>
      <symbol id="sm-157">
         <name>_pllCfg_12p288MHz</name>
         <value>0x6360</value>
         <object_component_ref idref="oc-41"/>
      </symbol>
      <symbol id="sm-163">
         <name>_fir</name>
         <value>0x24ba0</value>
         <object_component_ref idref="oc-48"/>
      </symbol>
      <symbol id="sm-188">
         <name>_PLL_reset</name>
         <value>0x23320</value>
         <object_component_ref idref="oc-4c"/>
      </symbol>
      <symbol id="sm-189">
         <name>_PLL_bypass</name>
         <value>0x232d1</value>
         <object_component_ref idref="oc-4c"/>
      </symbol>
      <symbol id="sm-18a">
         <name>_PLL_enable</name>
         <value>0x2326a</value>
         <object_component_ref idref="oc-4c"/>
      </symbol>
      <symbol id="sm-18b">
         <name>_PLL_config</name>
         <value>0x23141</value>
         <object_component_ref idref="oc-4c"/>
      </symbol>
      <symbol id="sm-18c">
         <name>_PLL_init</name>
         <value>0x23109</value>
         <object_component_ref idref="oc-4c"/>
      </symbol>
      <symbol id="sm-198">
         <name>__sysstack</name>
         <value>0x20c0</value>
         <object_component_ref idref="oc-11a"/>
      </symbol>
      <symbol id="sm-199">
         <name>_c_int00</name>
         <value>0x24ffd</value>
         <object_component_ref idref="oc-10"/>
      </symbol>
      <symbol id="sm-19a">
         <name>__stack</name>
         <value>0xc0</value>
         <object_component_ref idref="oc-51"/>
      </symbol>
      <symbol id="sm-1aa">
         <name>C$$EXIT</name>
         <value>0x2515e</value>
         <object_component_ref idref="oc-59"/>
      </symbol>
      <symbol id="sm-1ab">
         <name>_exit</name>
         <value>0x24fbf</value>
         <object_component_ref idref="oc-55"/>
      </symbol>
      <symbol id="sm-1ac">
         <name>_abort</name>
         <value>0x2515d</value>
         <object_component_ref idref="oc-59"/>
      </symbol>
      <symbol id="sm-1ad">
         <name>__cleanup_ptr</name>
         <value>0x63b4</value>
         <object_component_ref idref="oc-56"/>
      </symbol>
      <symbol id="sm-1ae">
         <name>__dtors_ptr</name>
         <value>0x63b8</value>
         <object_component_ref idref="oc-56"/>
      </symbol>
      <symbol id="sm-1b8">
         <name>__fixdi</name>
         <value>0x2505e</value>
         <object_component_ref idref="oc-5c"/>
      </symbol>
      <symbol id="sm-1c2">
         <name>__fixdli</name>
         <value>0x24b32</value>
         <object_component_ref idref="oc-60"/>
      </symbol>
      <symbol id="sm-1cc">
         <name>__mpyd</name>
         <value>0x23f74</value>
         <object_component_ref idref="oc-64"/>
      </symbol>
      <symbol id="sm-1d6">
         <name>_printf</name>
         <value>0x24e48</value>
         <object_component_ref idref="oc-68"/>
      </symbol>
      <symbol id="sm-1e0">
         <name>_Reset</name>
         <value>0x4fe00</value>
         <object_component_ref idref="oc-11"/>
      </symbol>
      <symbol id="sm-1ee">
         <name>__unlock</name>
         <value>0x63b0</value>
         <object_component_ref idref="oc-71"/>
      </symbol>
      <symbol id="sm-1ef">
         <name>__lock</name>
         <value>0x63ac</value>
         <object_component_ref idref="oc-71"/>
      </symbol>
      <symbol id="sm-1f0">
         <name>__register_lock</name>
         <value>0x25139</value>
         <object_component_ref idref="oc-70"/>
      </symbol>
      <symbol id="sm-1f1">
         <name>__nop</name>
         <value>0x25141</value>
         <object_component_ref idref="oc-70"/>
      </symbol>
      <symbol id="sm-1f2">
         <name>__register_unlock</name>
         <value>0x25131</value>
         <object_component_ref idref="oc-70"/>
      </symbol>
      <symbol id="sm-204">
         <name>__printfi</name>
         <value>0x21315</value>
         <object_component_ref idref="oc-76"/>
      </symbol>
      <symbol id="sm-20e">
         <name>__args_main</name>
         <value>0x24f2e</value>
         <object_component_ref idref="oc-7c"/>
      </symbol>
      <symbol id="sm-20f">
         <name>__TI_args_main</name>
         <value>0x1</value>
      </symbol>
      <symbol id="sm-219">
         <name>_atoi</name>
         <value>0x24d45</value>
         <object_component_ref idref="oc-80"/>
      </symbol>
      <symbol id="sm-221">
         <name>_auto_init</name>
         <value>0x24e96</value>
         <object_component_ref idref="oc-84"/>
      </symbol>
      <symbol id="sm-22b">
         <name>__eqld</name>
         <value>0x23c09</value>
         <object_component_ref idref="oc-88"/>
      </symbol>
      <symbol id="sm-22c">
         <name>__cmpd</name>
         <value>0x23c3d</value>
         <object_component_ref idref="oc-88"/>
      </symbol>
      <symbol id="sm-22d">
         <name>__neqd</name>
         <value>0x23aab</value>
         <object_component_ref idref="oc-88"/>
      </symbol>
      <symbol id="sm-22e">
         <name>__gtrd</name>
         <value>0x23b74</value>
         <object_component_ref idref="oc-88"/>
      </symbol>
      <symbol id="sm-22f">
         <name>__geqd</name>
         <value>0x23bbf</value>
         <object_component_ref idref="oc-88"/>
      </symbol>
      <symbol id="sm-230">
         <name>__leqd</name>
         <value>0x23b27</value>
         <object_component_ref idref="oc-88"/>
      </symbol>
      <symbol id="sm-231">
         <name>__lssd</name>
         <value>0x23adf</value>
         <object_component_ref idref="oc-88"/>
      </symbol>
      <symbol id="sm-239">
         <name>__ctypes_</name>
         <value>0x5bdc</value>
         <object_component_ref idref="oc-11c"/>
      </symbol>
      <symbol id="sm-243">
         <name>__tmpnams</name>
         <value>0x5f68</value>
         <object_component_ref idref="oc-8e"/>
      </symbol>
      <symbol id="sm-244">
         <name>__ft_end</name>
         <value>0x60a8</value>
         <object_component_ref idref="oc-8e"/>
      </symbol>
      <symbol id="sm-245">
         <name>__ftable</name>
         <value>0x5e78</value>
         <object_component_ref idref="oc-8e"/>
      </symbol>
      <symbol id="sm-251">
         <name>__divd</name>
         <value>0x229d8</value>
         <object_component_ref idref="oc-92"/>
      </symbol>
      <symbol id="sm-25c">
         <name>__divul</name>
         <value>0x2484a</value>
         <object_component_ref idref="oc-96"/>
      </symbol>
      <symbol id="sm-268">
         <name>__fltlid</name>
         <value>0x24cde</value>
         <object_component_ref idref="oc-9a"/>
      </symbol>
      <symbol id="sm-272">
         <name>_putchar</name>
         <value>0x2483b</value>
         <object_component_ref idref="oc-9f"/>
      </symbol>
      <symbol id="sm-273">
         <name>_putc</name>
         <value>0x247a8</value>
         <object_component_ref idref="oc-9f"/>
      </symbol>
      <symbol id="sm-274">
         <name>_fputc</name>
         <value>0x247a8</value>
         <object_component_ref idref="oc-9f"/>
      </symbol>
      <symbol id="sm-280">
         <name>_puts</name>
         <value>0x23de4</value>
         <object_component_ref idref="oc-a3"/>
      </symbol>
      <symbol id="sm-281">
         <name>_fputs</name>
         <value>0x23c95</value>
         <object_component_ref idref="oc-a3"/>
      </symbol>
      <symbol id="sm-28b">
         <name>__frcmpyd</name>
         <value>0x249d9</value>
         <object_component_ref idref="oc-a8"/>
      </symbol>
      <symbol id="sm-295">
         <name>__frcmpyd_div</name>
         <value>0x24a4f</value>
         <object_component_ref idref="oc-ac"/>
      </symbol>
      <symbol id="sm-29f">
         <name>___isinf</name>
         <value>0x250f0</value>
         <object_component_ref idref="oc-b0"/>
      </symbol>
      <symbol id="sm-2a9">
         <name>__divull</name>
         <value>0x2372c</value>
         <object_component_ref idref="oc-b4"/>
      </symbol>
      <symbol id="sm-2aa">
         <name>__mpylli</name>
         <value>0x23675</value>
         <object_component_ref idref="oc-b4"/>
      </symbol>
      <symbol id="sm-2ab">
         <name>__remlli</name>
         <value>0x23646</value>
         <object_component_ref idref="oc-b4"/>
      </symbol>
      <symbol id="sm-2ac">
         <name>__divlli</name>
         <value>0x23820</value>
         <object_component_ref idref="oc-b4"/>
      </symbol>
      <symbol id="sm-2ad">
         <name>__remull</name>
         <value>0x235f8</value>
         <object_component_ref idref="oc-b4"/>
      </symbol>
      <symbol id="sm-2b5">
         <name>__mpyli</name>
         <value>0x2511e</value>
         <object_component_ref idref="oc-b8"/>
      </symbol>
      <symbol id="sm-2b6">
         <name>I$$LMPY</name>
         <value>0x2511e</value>
         <object_component_ref idref="oc-b8"/>
      </symbol>
      <symbol id="sm-2c7">
         <name>_add_device</name>
         <value>0x228f0</value>
         <object_component_ref idref="oc-bc"/>
      </symbol>
      <symbol id="sm-2c8">
         <name>_rename</name>
         <value>0x22621</value>
         <object_component_ref idref="oc-bc"/>
      </symbol>
      <symbol id="sm-2c9">
         <name>_read</name>
         <value>0x226ac</value>
         <object_component_ref idref="oc-bc"/>
      </symbol>
      <symbol id="sm-2ca">
         <name>_unlink</name>
         <value>0x225ed</value>
         <object_component_ref idref="oc-bc"/>
      </symbol>
      <symbol id="sm-2cb">
         <name>_remove_device</name>
         <value>0x22678</value>
         <object_component_ref idref="oc-bc"/>
      </symbol>
      <symbol id="sm-2cc">
         <name>_open</name>
         <value>0x22756</value>
         <object_component_ref idref="oc-bc"/>
      </symbol>
      <symbol id="sm-2cd">
         <name>_find_registered_device</name>
         <value>0x22877</value>
         <object_component_ref idref="oc-bc"/>
      </symbol>
      <symbol id="sm-2ce">
         <name>_lseek</name>
         <value>0x22813</value>
         <object_component_ref idref="oc-bc"/>
      </symbol>
      <symbol id="sm-2cf">
         <name>_close</name>
         <value>0x22880</value>
         <object_component_ref idref="oc-bc"/>
      </symbol>
      <symbol id="sm-2d0">
         <name>_write</name>
         <value>0x224c0</value>
         <object_component_ref idref="oc-bc"/>
      </symbol>
      <symbol id="sm-2da">
         <name>_ltoa</name>
         <value>0x248ea</value>
         <object_component_ref idref="oc-c2"/>
      </symbol>
      <symbol id="sm-2e5">
         <name>_memccpy</name>
         <value>0x250b2</value>
         <object_component_ref idref="oc-c6"/>
      </symbol>
      <symbol id="sm-2ef">
         <name>_memcpy</name>
         <value>0x24d9e</value>
         <object_component_ref idref="oc-ca"/>
      </symbol>
      <symbol id="sm-2f9">
         <name>__negd</name>
         <value>0x25143</value>
         <object_component_ref idref="oc-ce"/>
      </symbol>
      <symbol id="sm-303">
         <name>__remli</name>
         <value>0x24ee3</value>
         <object_component_ref idref="oc-d2"/>
      </symbol>
      <symbol id="sm-30e">
         <name>__remul</name>
         <value>0x24ac2</value>
         <object_component_ref idref="oc-d6"/>
      </symbol>
      <symbol id="sm-318">
         <name>__subd</name>
         <value>0x2510a</value>
         <object_component_ref idref="oc-da"/>
      </symbol>
      <symbol id="sm-324">
         <name>_HOSTopen</name>
         <value>0x2184c</value>
         <object_component_ref idref="oc-de"/>
      </symbol>
      <symbol id="sm-325">
         <name>_HOSTread</name>
         <value>0x217c1</value>
         <object_component_ref idref="oc-de"/>
      </symbol>
      <symbol id="sm-326">
         <name>_HOSTtime</name>
         <value>0x216aa</value>
         <object_component_ref idref="oc-de"/>
      </symbol>
      <symbol id="sm-327">
         <name>_getenv</name>
         <value>0x21533</value>
         <object_component_ref idref="oc-de"/>
      </symbol>
      <symbol id="sm-328">
         <name>_HOSTrename</name>
         <value>0x21708</value>
         <object_component_ref idref="oc-de"/>
      </symbol>
      <symbol id="sm-329">
         <name>_HOSTclock</name>
         <value>0x21a0d</value>
         <object_component_ref idref="oc-de"/>
      </symbol>
      <symbol id="sm-32a">
         <name>_HOSTwrite</name>
         <value>0x215b3</value>
         <object_component_ref idref="oc-de"/>
      </symbol>
      <symbol id="sm-32b">
         <name>_HOSTlseek</name>
         <value>0x218ed</value>
         <object_component_ref idref="oc-de"/>
      </symbol>
      <symbol id="sm-32c">
         <name>_HOSTunlink</name>
         <value>0x2163e</value>
         <object_component_ref idref="oc-de"/>
      </symbol>
      <symbol id="sm-32d">
         <name>_HOSTclose</name>
         <value>0x219a2</value>
         <object_component_ref idref="oc-de"/>
      </symbol>
      <symbol id="sm-33f">
         <name>C$$IO$$</name>
         <value>0x246e9</value>
         <object_component_ref idref="oc-e6"/>
      </symbol>
      <symbol id="sm-340">
         <name>__CIOBUF_</name>
         <value>0x40000</value>
         <object_component_ref idref="oc-e5"/>
      </symbol>
      <symbol id="sm-341">
         <name>_readmsg</name>
         <value>0x24c0b</value>
         <object_component_ref idref="oc-e3"/>
      </symbol>
      <symbol id="sm-342">
         <name>_writemsg</name>
         <value>0x24630</value>
         <object_component_ref idref="oc-e6"/>
      </symbol>
      <symbol id="sm-34a">
         <name>__remu</name>
         <value>0x2509d</value>
         <object_component_ref idref="oc-e9"/>
      </symbol>
      <symbol id="sm-34b">
         <name>__divu</name>
         <value>0x25088</value>
         <object_component_ref idref="oc-e9"/>
      </symbol>
      <symbol id="sm-34c">
         <name>I$$UMOD</name>
         <value>0x2509d</value>
         <object_component_ref idref="oc-e9"/>
      </symbol>
      <symbol id="sm-34d">
         <name>I$$UDIV</name>
         <value>0x25088</value>
         <object_component_ref idref="oc-e9"/>
      </symbol>
      <symbol id="sm-357">
         <name>__rd_ok</name>
         <value>0x245d3</value>
         <object_component_ref idref="oc-ed"/>
      </symbol>
      <symbol id="sm-358">
         <name>__wrt_ok</name>
         <value>0x24556</value>
         <object_component_ref idref="oc-ed"/>
      </symbol>
      <symbol id="sm-362">
         <name>__addd</name>
         <value>0x23854</value>
         <object_component_ref idref="oc-f1"/>
      </symbol>
      <symbol id="sm-36c">
         <name>__divli</name>
         <value>0x24f77</value>
         <object_component_ref idref="oc-f5"/>
      </symbol>
      <symbol id="sm-376">
         <name>__doflush</name>
         <value>0x246ee</value>
         <object_component_ref idref="oc-f9"/>
      </symbol>
      <symbol id="sm-377">
         <name>_fflush</name>
         <value>0x24750</value>
         <object_component_ref idref="oc-f9"/>
      </symbol>
      <symbol id="sm-381">
         <name>_fseek</name>
         <value>0x24c76</value>
         <object_component_ref idref="oc-fd"/>
      </symbol>
      <symbol id="sm-38b">
         <name>_setvbuf</name>
         <value>0x24463</value>
         <object_component_ref idref="oc-101"/>
      </symbol>
      <symbol id="sm-39a">
         <name>__cleanup</name>
         <value>0x234a1</value>
         <object_component_ref idref="oc-105"/>
      </symbol>
      <symbol id="sm-39b">
         <name>_fopen</name>
         <value>0x235bf</value>
         <object_component_ref idref="oc-105"/>
      </symbol>
      <symbol id="sm-39c">
         <name>_freopen</name>
         <value>0x234f9</value>
         <object_component_ref idref="oc-105"/>
      </symbol>
      <symbol id="sm-3ac">
         <name>__sys_memory</name>
         <value>0x30c0</value>
         <object_component_ref idref="oc-10f"/>
      </symbol>
      <symbol id="sm-3ad">
         <name>_chkheap</name>
         <value>0x21f4a</value>
         <object_component_ref idref="oc-10b"/>
      </symbol>
      <symbol id="sm-3ae">
         <name>_realloc</name>
         <value>0x21cb0</value>
         <object_component_ref idref="oc-10b"/>
      </symbol>
      <symbol id="sm-3af">
         <name>_free_memory</name>
         <value>0x21ee3</value>
         <object_component_ref idref="oc-10b"/>
      </symbol>
      <symbol id="sm-3b0">
         <name>_max_free</name>
         <value>0x21e79</value>
         <object_component_ref idref="oc-10b"/>
      </symbol>
      <symbol id="sm-3b1">
         <name>_free</name>
         <value>0x21a6b</value>
         <object_component_ref idref="oc-10b"/>
      </symbol>
      <symbol id="sm-3b2">
         <name>_calloc</name>
         <value>0x21f52</value>
         <object_component_ref idref="oc-10b"/>
      </symbol>
      <symbol id="sm-3b3">
         <name>_malloc</name>
         <value>0x21baf</value>
         <object_component_ref idref="oc-10b"/>
      </symbol>
      <symbol id="sm-3b4">
         <name>_minit</name>
         <value>0x21b3d</value>
         <object_component_ref idref="oc-10b"/>
      </symbol>
      <symbol id="sm-3be">
         <name>_fclose</name>
         <value>0x24963</value>
         <object_component_ref idref="oc-112"/>
      </symbol>
      <symbol id="sm-3c8">
         <name>_remove</name>
         <value>0x25153</value>
         <object_component_ref idref="oc-116"/>
      </symbol>
   </symbol_table>
</link_info>
